******************************************************************************
                  MSP430 Linker PC v3.3.1                      
******************************************************************************
>> Linked Thu Oct 21 21:54:20 2010

OUTPUT FILE NAME:   <ez430_chronos_datalogger_868MHz.out>
ENTRY POINT SYMBOL: "_c_int00"  address: 0000d5ba


MEMORY CONFIGURATION

         name            origin    length      used     unused   attr    fill
----------------------  --------  ---------  --------  --------  ----  --------
  SFR                   00000000   00000010  00000000  00000010  RWIX
  PERIPHERALS_8BIT      00000010   000000f0  00000000  000000f0  RWIX
  PERIPHERALS_16BIT     00000100   00000100  00000000  00000100  RWIX
  INFOD                 00001800   00000080  00000000  00000080  RWIX
  INFOC                 00001880   00000080  00000000  00000080  RWIX
  INFOB                 00001900   00000080  00000000  00000080  RWIX
  INFOA                 00001980   00000080  00000000  00000080  RWIX
  RAM                   00001c00   00000ffe  00000399  00000c65  RWIX
  DATALOG_MEMORY        00008000   00001e00  00000000  00001e00  RWIX
  FLASH                 00009e00   00006180  000044a2  00001cde  RWIX
  INT00                 0000ff80   00000002  00000000  00000002  RWIX
  INT01                 0000ff82   00000002  00000000  00000002  RWIX
  INT02                 0000ff84   00000002  00000000  00000002  RWIX
  INT03                 0000ff86   00000002  00000000  00000002  RWIX
  INT04                 0000ff88   00000002  00000000  00000002  RWIX
  INT05                 0000ff8a   00000002  00000000  00000002  RWIX
  INT06                 0000ff8c   00000002  00000000  00000002  RWIX
  INT07                 0000ff8e   00000002  00000000  00000002  RWIX
  INT08                 0000ff90   00000002  00000000  00000002  RWIX
  INT09                 0000ff92   00000002  00000000  00000002  RWIX
  INT10                 0000ff94   00000002  00000000  00000002  RWIX
  INT11                 0000ff96   00000002  00000000  00000002  RWIX
  INT12                 0000ff98   00000002  00000000  00000002  RWIX
  INT13                 0000ff9a   00000002  00000000  00000002  RWIX
  INT14                 0000ff9c   00000002  00000000  00000002  RWIX
  INT15                 0000ff9e   00000002  00000000  00000002  RWIX
  INT16                 0000ffa0   00000002  00000000  00000002  RWIX
  INT17                 0000ffa2   00000002  00000000  00000002  RWIX
  INT18                 0000ffa4   00000002  00000000  00000002  RWIX
  INT19                 0000ffa6   00000002  00000000  00000002  RWIX
  INT20                 0000ffa8   00000002  00000000  00000002  RWIX
  INT21                 0000ffaa   00000002  00000000  00000002  RWIX
  INT22                 0000ffac   00000002  00000000  00000002  RWIX
  INT23                 0000ffae   00000002  00000000  00000002  RWIX
  INT24                 0000ffb0   00000002  00000000  00000002  RWIX
  INT25                 0000ffb2   00000002  00000000  00000002  RWIX
  INT26                 0000ffb4   00000002  00000000  00000002  RWIX
  INT27                 0000ffb6   00000002  00000000  00000002  RWIX
  INT28                 0000ffb8   00000002  00000000  00000002  RWIX
  INT29                 0000ffba   00000002  00000000  00000002  RWIX
  INT30                 0000ffbc   00000002  00000000  00000002  RWIX
  INT31                 0000ffbe   00000002  00000000  00000002  RWIX
  INT32                 0000ffc0   00000002  00000000  00000002  RWIX
  INT33                 0000ffc2   00000002  00000000  00000002  RWIX
  INT34                 0000ffc4   00000002  00000000  00000002  RWIX
  INT35                 0000ffc6   00000002  00000000  00000002  RWIX
  INT36                 0000ffc8   00000002  00000000  00000002  RWIX
  INT37                 0000ffca   00000002  00000000  00000002  RWIX
  INT38                 0000ffcc   00000002  00000000  00000002  RWIX
  INT39                 0000ffce   00000002  00000000  00000002  RWIX
  INT40                 0000ffd0   00000002  00000000  00000002  RWIX
  INT41                 0000ffd2   00000002  00000000  00000002  RWIX
  INT42                 0000ffd4   00000002  00000000  00000002  RWIX
  INT43                 0000ffd6   00000002  00000000  00000002  RWIX
  INT44                 0000ffd8   00000002  00000000  00000002  RWIX
  INT45                 0000ffda   00000002  00000000  00000002  RWIX
  INT46                 0000ffdc   00000002  00000000  00000002  RWIX
  INT47                 0000ffde   00000002  00000000  00000002  RWIX
  INT48                 0000ffe0   00000002  00000002  00000000  RWIX
  INT49                 0000ffe2   00000002  00000000  00000002  RWIX
  INT50                 0000ffe4   00000002  00000000  00000002  RWIX
  INT51                 0000ffe6   00000002  00000000  00000002  RWIX
  INT52                 0000ffe8   00000002  00000000  00000002  RWIX
  INT53                 0000ffea   00000002  00000002  00000000  RWIX
  INT54                 0000ffec   00000002  00000002  00000000  RWIX
  INT55                 0000ffee   00000002  00000002  00000000  RWIX
  INT56                 0000fff0   00000002  00000002  00000000  RWIX
  INT57                 0000fff2   00000002  00000000  00000002  RWIX
  INT58                 0000fff4   00000002  00000000  00000002  RWIX
  INT59                 0000fff6   00000002  00000000  00000002  RWIX
  INT60                 0000fff8   00000002  00000000  00000002  RWIX
  INT61                 0000fffa   00000002  00000000  00000002  RWIX
  INT62                 0000fffc   00000002  00000000  00000002  RWIX
  RESET                 0000fffe   00000002  00000002  00000000  RWIX


SECTION ALLOCATION MAP

 output                                  attributes/
section   page    origin      length       input sections
--------  ----  ----------  ----------   ----------------
.pinit     0    00009e00    00000000     UNINITIALIZED

.bss       0    00001c00    00000349     UNINITIALIZED
                  00001c00    0000008c     nwk_QMgmt.obj (.bss)
                  00001c8c    00000088     datalog.obj (.bss)
                  00001d14    00000054     display1.obj (.bss)
                  00001d68    00000046     rfsimpliciti.obj (.bss)
                  00001dae    00000045     vti_ps.obj (.bss)
                  00001df3    00000001     main_ED_BM.obj (.bss)
                  00001df4    0000003d     mrfi.obj (.bss)
                  00001e31    0000001d     nwk.obj (.bss)
                  00001e4e    0000001c     BlueRobin_RX_868MHz.lib : BRRX_Resource.obj (.bss)
                  00001e6a    00000012     main.obj (.bss)
                  00001e7c    00000010     altitude.obj (.bss)
                  00001e8c    0000000e     clock.obj (.bss)
                  00001e9a    0000000c     BlueRobin_RX_868MHz.lib : BRRX_Scheduler.obj (.bss)
                  00001ea6    0000000a                             : BR_Common.obj (.bss)
                  00001eb0    0000000a     bluerobin.obj (.bss)
                  00001eba    0000000a     display.obj (.bss)
                  00001ec4    0000000a     nwk_frame.obj (.bss)
                  00001ece    0000000a     nwk_link.obj (.bss)
                  00001ed8    00000009     nwk_globals.obj (.bss)
                  00001ee1    00000001     nwk_api.obj (.bss)
                  00001ee2    00000009     nwk_join.obj (.bss)
                  00001eeb    00000001     nwk_ping.obj (.bss)
                  00001eec    00000008     BlueRobin_RX_868MHz.lib : BRRX_Timer.obj (.bss)
                  00001ef4    00000008     buzzer.obj (.bss)
                  00001efc    00000008     rts430x.lib : _lock.obj (.bss)
                  00001f04    00000008                 : boot.obj (.bss)
                  00001f0c    00000007     ports.obj (.bss)
                  00001f13    00000001     speed.obj (.bss)
                  00001f14    00000007     timer.obj (.bss)
                  00001f1b    00000001     vti_as.obj (.bss)
                  00001f1c    00000006     BlueRobin_RX_868MHz.lib : BRRX_Radio.obj (.bss)
                  00001f22    00000006     acceleration.obj (.bss)
                  00001f28    00000006     battery.obj (.bss)
                  00001f2e    00000006     date.obj (.bss)
                  00001f34    00000005     BlueRobin_RX_868MHz.lib : BRRX_Packet.obj (.bss)
                  00001f39    00000001     --HOLE--
                  00001f3a    00000004                             : BRRX_API.obj (.bss)
                  00001f3e    00000004     menu.obj (.bss)
                  00001f42    00000003     adc12.obj (.bss)
                  00001f45    00000001     --HOLE--
                  00001f46    00000003     nwk_mgmt.obj (.bss)

.stack     0    00002bac    00000050     UNINITIALIZED
                  00002bac    00000002     rts430x.lib : boot.obj (.stack)
                  00002bae    0000004e     --HOLE--

.text      0    00009e00    00003ea2     
                  00009e00    000002ae     vti_ps.obj (.text:conv_pa_to_meter)
                  0000a0ae    00000284     BlueRobin_RX_868MHz.lib : BRRX_Scheduler.obj (.text:BRRX__Scheduler_v)
                  0000a332    000001e6     vti_ps.obj (.text:update_pressure_table)
                  0000a518    0000018c     clock.obj (.text:display_time)
                  0000a6a4    00000162     main.obj (.text:display_update)
                  0000a806    0000015e     nwk_link.obj (.text:smpl_send_link_reply)
                  0000a964    00000130     ports.obj (.text:_isr:PORT2_ISR)
                  0000aa94    00000130     rts430x.lib : fs_add.obj (.text)
                  0000abc4    00000110     datalog.obj (.text:datalog_sm)
                  0000acd4    0000010c     BlueRobin_RX_868MHz.lib : BRRX_Scheduler.obj (.text:PacketMissed_v)
                  0000ade0    000000f6     mrfi.obj (.text:Mrfi_SyncPinRxIsr)
                  0000aed6    000000f2     datalog.obj (.text:do_datalog)
                  0000afc8    000000e8     display.obj (.text:display_chars)
                  0000b0b0    000000e4     timer.obj (.text:_isr:TIMER0_A0_ISR)
                  0000b194    000000d4     nwk.obj (.text:nwk_allocateLocalRxPort)
                  0000b268    000000ca     main.obj (.text:init_application)
                  0000b332    000000c8     display.obj (.text:itoa)
                  0000b3fa    000000c6     mrfi.obj (.text:MRFI_Transmit)
                  0000b4c0    000000b6     BlueRobin_RX_868MHz.lib : BRRX_Scheduler.obj (.text:SearchPacketHit_u8)
                  0000b576    000000b6     rts430x.lib : fs_mpy.obj (.text)
                  0000b62c    000000ae     datalog.obj (.text:datalog_write_buffer)
                  0000b6da    000000ac     altitude.obj (.text:do_altitude_measurement)
                  0000b786    000000ac     main.obj (.text:read_calibration_values)
                  0000b832    000000a0     vti_ps.obj (.text:ps_twi_sda)
                  0000b8d2    00000096     rf1a.obj (.text:Strobe)
                  0000b968    00000090     mrfi.obj (.text:mrfiRadioInterfaceCmdStrobe)
                  0000b9f8    00000090     nwk_frame.obj (.text:nwk_buildFrame)
                  0000ba88    0000008e     rts430x.lib : fs_div.obj (.text)
                  0000bb16    0000008c     nwk_frame.obj (.text:dispatchFrame)
                  0000bba2    0000008c     nwk.obj (.text:nwk_isConnectionValid)
                  0000bc2e    00000086     BlueRobin_RX_868MHz.lib : BRRX_Scheduler.obj (.text:GetData_v)
                  0000bcb4    00000086                             : BRRX_Scheduler.obj (.text:TrimACLK_Offset_v)
                  0000bd3a    00000084     speed.obj (.text:display_speed)
                  0000bdbe    00000082     date.obj (.text:get_numberOfDays)
                  0000be40    00000080     nwk_frame.obj (.text:nwk_sendAckReply)
                  0000bec0    0000007e     BlueRobin_RX_868MHz.lib : BRRX_Radio.obj (.text:BRRX_RadioReceive_v)
                  0000bf3e    00000078     vti_ps.obj (.text:ps_init)
                  0000bfb6    00000076     nwk_QMgmt.obj (.text:nwk_QfindSlot)
                  0000c02c    00000074     battery.obj (.text:battery_measurement)
                  0000c0a0    00000072     display.obj (.text:display_char)
                  0000c112    00000072     vti_ps.obj (.text:ps_read_register)
                  0000c184    0000006a     BlueRobin_RX_868MHz.lib : BRRX_API.obj (.text:ResetTXCB_v)
                  0000c1ee    0000006a     main.obj (.text:init_global_variables)
                  0000c258    00000068     adc12.obj (.text:adc12_single_conversion)
                  0000c2c0    00000068     nwk_link.obj (.text:smpl_send_unlink_reply)
                  0000c328    00000066     vti_ps.obj (.text:ps_get_pa)
                  0000c38e    00000064     mrfi.obj (.text:mrfiRadioInterfaceReadRxFifo)
                  0000c3f2    00000062     mrfi.obj (.text:MRFI_RadioIsr)
                  0000c454    00000062     distance.obj (.text:display_distance)
                  0000c4b6    00000060     altitude.obj (.text:start_altitude_measurement)
                  0000c516    00000060     display.obj (.text:write_lcd_mem)
                  0000c576    0000005e     BlueRobin_RX_868MHz.lib : BRRX_Radio.obj (.text:BRRX_PacketEndTimerTask_v)
                  0000c5d4    0000005e     display.obj (.text:clear_line)
                  0000c632    0000005c     BlueRobin_RX_868MHz.lib : BRRX_Scheduler.obj (.text:PrepareForFirstPacket_v)
                  0000c68e    0000005c     clock.obj (.text:clock_tick)
                  0000c6ea    0000005a     vti_ps.obj (.text:ps_write_register)
                  0000c744    00000058     BlueRobin_RX_868MHz.lib : BRRX_Scheduler.obj (.text:BRRX__StartNewSearch_v)
                  0000c79c    00000058     rts430x.lib : div32u.obj (.text)
                  0000c7f4    00000054     timer.obj (.text:_isr:TIMER0_A1_5_ISR)
                  0000c848    00000054     vti_ps.obj (.text:ps_twi_read)
                  0000c89c    00000052     BlueRobin_RX_868MHz.lib : BRRX_Scheduler.obj (.text:TestStartTime_v)
                  0000c8ee    0000004e                             : BRRX_Scheduler.obj (.text:SearchPacketCheck_u8)
                  0000c93c    0000004c     date.obj (.text:add_day)
                  0000c988    0000004c     vti_ps.obj (.text:ps_get_temp)
                  0000c9d4    0000004c     rts430x.lib : fs_toul.obj (.text)
                  0000ca20    0000004a                 : fs_cmp.obj (.text)
                  0000ca6a    0000004a     buzzer.obj (.text:toggle_buzzer)
                  0000cab4    00000048     BlueRobin_RX_868MHz.lib : BR_Common.obj (.text:BR__CalcRandomTimeOffset_u16)
                  0000cafc    00000046     pmm.obj (.text:SetVCoreUp)
                  0000cb42    00000046     rts430x.lib : autoinit.obj (.text:_auto_init)
                  0000cb88    00000046     mrfi.obj (.text:mrfiRadioInterfaceReadReg)
                  0000cbce    00000046     rts430x.lib : fs_tou.obj (.text)
                  0000cc14    00000046     buzzer.obj (.text:start_buzzer)
                  0000cc5a    00000044     rf1a.obj (.text:ReadBurstReg)
                  0000cc9e    00000044     altitude.obj (.text:reset_altitude_measurement)
                  0000cce2    00000044     nwk_ping.obj (.text:smpl_send_ping_reply)
                  0000cd26    00000042     BlueRobin_RX_868MHz.lib : BRRX_Scheduler.obj (.text:PacketHit_u8)
                  0000cd68    00000042     flash.obj (.text:flash_erase_page)
                  0000cdaa    00000042     vti_ps.obj (.text:ps_twi_write)
                  0000cdec    00000040     BlueRobin_RX_868MHz.lib : BRRX_API.obj (.text:BRRX__NewInfo_v)
                  0000ce2c    00000040     nwk.obj (.text:nwk_isValidReply)
                  0000ce6c    00000040     rts430x.lib : div32s.obj (.text)
                  0000ceac    0000003e     BlueRobin_RX_868MHz.lib : BRRX_Packet.obj (.text:BRRX__DecodePacket_u8)
                  0000ceea    0000003e     timer.obj (.text:Timer0_A4_Delay)
                  0000cf28    0000003e     rts430x.lib : lsl32.obj (.text:l_lsl_const)
                  0000cf66    0000003e                 : lsr32.obj (.text:l_lsr_const)
                  0000cfa4    0000003e     nwk.obj (.text:nwk_getNextConnection)
                  0000cfe2    0000003e     bluerobin.obj (.text:stop_bluerobin)
                  0000d020    0000003c     BlueRobin_RX_868MHz.lib : BRRX_Timer.obj (.text:BRRX_TimerTask_v)
                  0000d05c    0000003c     nwk.obj (.text:nwk_findPeer)
                  0000d098    0000003c     nwk.obj (.text:nwk_isLinkDuplicate)
                  0000d0d4    0000003a     mrfi.obj (.text:Mrfi_RxAddrIsFiltered)
                  0000d10e    0000003a     nwk_mgmt.obj (.text:nwk_processMgmt)
                  0000d148    00000038     rf1a.obj (.text:WriteSingleReg)
                  0000d180    00000038     radio.obj (.text:_isr:radio_ISR)
                  0000d1b8    00000038     nwk.obj (.text:initializeConnection)
                  0000d1f0    00000036     datalog.obj (.text:reset_datalog)
                  0000d226    00000036     rts430x.lib : fs_itof.obj (.text)
                  0000d25c    00000034     BlueRobin_RX_868MHz.lib : BR_Common.obj (.text:BR__CalcCRC_u8)
                  0000d290    00000034     bsp_board.obj (.text:BSP_Delay)
                  0000d2c4    00000034     BlueRobin_RX_868MHz.lib : BRRX_Scheduler.obj (.text:TrimRFCLK_Offset_v)
                  0000d2f8    00000034     mrfi.obj (.text:mrfiRadioInterfaceWriteReg)
                  0000d32c    00000034     mrfi.obj (.text:mrfiRadioInterfaceWriteTxFifo)
                  0000d360    00000032     BlueRobin_RX_868MHz.lib : BRRX_Radio.obj (.text:BRRX_RadioStop_v)
                  0000d392    00000032     main.obj (.text:main)
                  0000d3c4    00000032     radio.obj (.text:radio_reset)
                  0000d3f6    00000032     rts430x.lib : fs_ultof.obj (.text)
                  0000d428    00000030     nwk_frame.obj (.text:nwk_sendFrame)
                  0000d458    0000002e     mrfi.obj (.text:Mrfi_CalculateRssi)
                  0000d486    0000002e     vti_as.obj (.text:as_init)
                  0000d4b4    0000002c     mrfi.obj (.text:Mrfi_RxModeOff)
                  0000d4e0    0000002c     datalog.obj (.text:datalog_add_to_buffer)
                  0000d50c    0000002c     nwk_QMgmt.obj (.text:nwk_QadjustOrder)
                  0000d538    0000002c     rts430x.lib : div16s.obj (.text)
                  0000d564    0000002c     main.obj (.text:wakeup_event)
                  0000d590    0000002a     BlueRobin_RX_868MHz.lib : BRRX_Scheduler.obj (.text:SearchPacketMissed_u8)
                  0000d5ba    0000002a     rts430x.lib : boot.obj (.text:_isr:_c_int00_noexit)
                  0000d5e4    0000002a     flash.obj (.text:flash_write)
                  0000d60e    0000002a     display.obj (.text:lcd_init)
                  0000d638    0000002a     altitude.obj (.text:stop_altitude_measurement)
                  0000d662    00000028     nwk.obj (.text:map_lid2idx)
                  0000d68a    00000028     nwk_ping.obj (.text:nwk_processPing)
                  0000d6b2    00000026     pmm.obj (.text:SetVCoreDown)
                  0000d6d8    00000026     nwk_link.obj (.text:handleLinkRequest)
                  0000d6fe    00000026     ports.obj (.text:init_buttons)
                  0000d724    00000026     vti_ps.obj (.text:init_pressure_table)
                  0000d74a    00000026     nwk_link.obj (.text:nwk_processLink)
                  0000d770    00000026     main.obj (.text:process_requests)
                  0000d796    00000024     BlueRobin_RX_868MHz.lib : BRRX_API.obj (.text:BRRX_GetState_t)
                  0000d7ba    00000024     mrfi.obj (.text:Mrfi_DelayUsec)
                  0000d7de    00000024     pmm.obj (.text:SetVCore)
                  0000d802    00000024     rts430x.lib : memcmp.obj (.text:memcmp)
                  0000d826    00000024                 : fs_utof.obj (.text)
                  0000d84a    00000022     bluerobin.obj (.text:get_bluerobin_data)
                  0000d86c    00000022     clock.obj (.text:reset_clock)
                  0000d88e    00000022     rts430x.lib : mult32_f5hw.obj (.text)
                  0000d8b0    00000020     nwk_frame.obj (.text:MRFI_RxCompleteISR)
                  0000d8d0    00000020     display.obj (.text:display_am_pm_symbol)
                  0000d8f0    00000020     bluerobin.obj (.text:is_bluerobin_flash_write_window)
                  0000d910    00000020     rts430x.lib : memmov.obj (.text:memmove)
                  0000d930    00000020     buzzer.obj (.text:stop_buzzer)
                  0000d950    0000001e     mrfi.obj (.text:Mrfi_RandomBackoffDelay)
                  0000d96e    0000001e     BlueRobin_RX_868MHz.lib : BRRX_Timer.obj (.text:SetAbsoluteTimer_v)
                  0000d98c    0000001e     display.obj (.text:display_symbol)
                  0000d9aa    0000001c     nwk_join.obj (.text:nwk_processJoin)
                  0000d9c6    0000001a     BlueRobin_RX_868MHz.lib : BRRX_Scheduler.obj (.text:GetPacketTolerance_u8)
                  0000d9e0    0000001a     adc12.obj (.text:_isr:ADC12ISR)
                  0000d9fa    00000018     timer.obj (.text:Timer0_A3_Start)
                  0000da12    00000018     clock.obj (.text:convert_hour_to_12H_format)
                  0000da2a    00000016     mrfi.obj (.text:MRFI_RandomByte)
                  0000da40    00000016     mrfi.obj (.text:Mrfi_RxModeOn)
                  0000da56    00000016     rf1a.obj (.text:ReadSingleReg)
                  0000da6c    00000016     bluerobin.obj (.text:reset_bluerobin)
                  0000da82    00000016     rts430x.lib : div16u.obj (.text)
                  0000da98    00000016                 : mult16_f5hw.obj (.text)
                  0000daae    00000014     timer.obj (.text:Timer0_Init)
                  0000dac2    00000014     buzzer.obj (.text:countdown_buzzer)
                  0000dad6    00000014     rts430x.lib : memset.obj (.text:memset)
                  0000daea    00000014     date.obj (.text:reset_date)
                  0000dafe    00000012     BlueRobin_RX_868MHz.lib : BRRX_Radio.obj (.text:BlueRobin_RadioISR_v)
                  0000db10    00000012     rts430x.lib : memcpy.obj (.text:memcpy)
                  0000db22    00000012     nwk_globals.obj (.text:nwk_getMyAddress)
                  0000db34    00000010     radio.obj (.text:close_radio)
                  0000db44    00000010     radio.obj (.text:radio_powerdown)
                  0000db54    00000010     clock.obj (.text:sx_time)
                  0000db64    0000000e     clock.obj (.text:is_hour_am)
                  0000db72    0000000e     battery.obj (.text:reset_batt_measurement)
                  0000db80    0000000c     BlueRobin_RX_868MHz.lib : BRRX_Timer.obj (.text:BRRX__GetCurrentTime_u16)
                  0000db8c    0000000c     mrfi.obj (.text:MRFI_PostKillSem)
                  0000db98    0000000c     mrfi.obj (.text:MRFI_Receive)
                  0000dba4    0000000c     nwk_ping.obj (.text:handlePingRequest)
                  0000dbb0    0000000c     main.obj (.text:idle_loop)
                  0000dbbc    0000000c     bluerobin.obj (.text:is_bluerobin)
                  0000dbc8    0000000c     bluerobin.obj (.text:is_bluerobin_searching)
                  0000dbd4    0000000c     rfsimpliciti.obj (.text:is_rf)
                  0000dbe0    0000000c     nwk.obj (.text:nwk_getNumObjectFromMsg)
                  0000dbec    0000000c     vti_ps.obj (.text:ps_start)
                  0000dbf8    0000000c     display.obj (.text:switch_seg)
                  0000dc04    0000000a     BlueRobin_RX_868MHz.lib : BRRX_Timer.obj (.text:BRRX__StopTimer_v)
                  0000dc0e    0000000a     vti_ps.obj (.text:ps_stop)
                  0000dc18    0000000a     buzzer.obj (.text:reset_buzzer)
                  0000dc22    0000000a     menu.obj (.text:update_date)
                  0000dc2c    0000000a     menu.obj (.text:update_time)
                  0000dc36    00000008     BlueRobin_RX_868MHz.lib : BRRX_Radio.obj (.text:BRRX_GetFS_Offset_s8)
                  0000dc3e    00000008     timer.obj (.text:Timer0_A3_Stop)
                  0000dc46    00000008     datalog.obj (.text:is_datalog)
                  0000dc4e    00000008     main.obj (.text:to_lpm)
                  0000dc56    00000006     BlueRobin_RX_868MHz.lib : BRRX_API.obj (.text:BRRX_GetHeartRate_u8)
                  0000dc5c    00000006                             : BRRX_API.obj (.text:BRRX_Stop_v)
                  0000dc62    00000006                             : BRRX_Timer.obj (.text:BRRX__CallTimer_v)
                  0000dc68    00000006     altitude.obj (.text:is_altitude_measurement)
                  0000dc6e    00000006     nwk.obj (.text:nwk_freeConnection)
                  0000dc74    00000006     nwk_frame.obj (.text:nwk_getMyRxType)
                  0000dc7a    00000006     rfsimpliciti.obj (.text:reset_rf)
                  0000dc80    00000004     rts430x.lib : pre_init.obj (.text:_system_pre_init)
                  0000dc84    00000004                 : exit.obj (.text:abort)
                  0000dc88    00000004     nwk_globals.obj (.text:nwk_getProtocolVersion)
                  0000dc8c    00000004     nwk_freq.obj (.text:nwk_processFreq)
                  0000dc90    00000004     nwk_security.obj (.text:nwk_processSecurity)
                  0000dc94    00000004     vti_ps.obj (.text:twi_delay)
                  0000dc98    00000002     rts430x.lib : _lock.obj (.text:_nop)
                  0000dc9a    00000002     user.obj (.text:dummy)
                  0000dc9c    00000002     acceleration.obj (.text:reset_acceleration)
                  0000dc9e    00000002     distance.obj (.text:sx_distance)
                  0000dca0    00000002     speed.obj (.text:sx_speed)

.const     0    0000dca2    00000484     
                  0000dca2    00000220     display1.obj (.const:itoa_conversion_table)
                  0000dec2    00000100     BlueRobin_RX_868MHz.lib : BR_Common.obj (.const:RandomValue_u8)
                  0000dfc2    00000036     menu.obj (.const)
                  0000dff8    0000002c     main.obj (.const:.string)
                  0000e024    0000002b     display1.obj (.const:lcd_font)
                  0000e04f    00000001     --HOLE-- [fill = 0]
                  0000e050    0000002a     display1.obj (.const:segments_bitmask)
                  0000e07a    00000022     vti_ps.obj (.const:h0)
                  0000e09c    00000022     vti_ps.obj (.const:p0)
                  0000e0be    00000018     nwk_frame.obj (.const:func)
                  0000e0d6    0000000e     rfbsl.obj (.const:.string)
                  0000e0e4    0000000a     bluerobin.obj (.const:.string)
                  0000e0ee    00000009     nwk_globals.obj (.const)
                  0000e0f7    00000001     --HOLE-- [fill = 0]
                  0000e0f8    00000008     display.obj (.const:.string)
                  0000e100    00000008     rfsimpliciti.obj (.const:.string)
                  0000e108    00000006     datalog.obj (.const:.string)
                  0000e10e    00000006     distance.obj (.const:.string)
                  0000e114    00000006     speed.obj (.const:.string)
                  0000e11a    00000004     altitude.obj (.const:.string)
                  0000e11e    00000004     BlueRobin_RX_868MHz.lib : BRRX_Resource.obj (.const)
                  0000e122    00000004     mrfi.obj (.const:mrfiBroadcastAddr)

.cinit     0    0000e126    0000017c     
                  0000e126    00000058     display1.obj (.cinit)
                  0000e17e    0000004d     mrfi.obj (.cinit)
                  0000e1cb    00000001     --HOLE-- [fill = 0]
                  0000e1cc    00000020     nwk_frame.obj (.cinit)
                  0000e1ec    00000019     nwk_link.obj (.cinit)
                  0000e205    00000001     --HOLE-- [fill = 0]
                  0000e206    00000017     BlueRobin_RX_868MHz.lib : BRRX_Scheduler.obj (.cinit)
                  0000e21d    00000001     --HOLE-- [fill = 0]
                  0000e21e    00000017                             : BRRX_Timer.obj (.cinit)
                  0000e235    00000001     --HOLE-- [fill = 0]
                  0000e236    00000015     nwk_join.obj (.cinit)
                  0000e24b    00000001     --HOLE-- [fill = 0]
                  0000e24c    0000000c     BlueRobin_RX_868MHz.lib : BRRX_Radio.obj (.cinit)
                  0000e258    0000000c     menu.obj (.cinit)
                  0000e264    0000000b     BlueRobin_RX_868MHz.lib : BRRX_Packet.obj (.cinit)
                  0000e26f    00000001     --HOLE-- [fill = 0]
                  0000e270    0000000b     nwk_mgmt.obj (.cinit)
                  0000e27b    00000001     --HOLE-- [fill = 0]
                  0000e27c    00000005     nwk.obj (.cinit)
                  0000e281    00000001     --HOLE-- [fill = 0]
                  0000e282    00000005     nwk_api.obj (.cinit)
                  0000e287    00000001     --HOLE-- [fill = 0]
                  0000e288    00000005     nwk_globals.obj (.cinit)
                  0000e28d    00000001     --HOLE-- [fill = 0]
                  0000e28e    00000005     nwk_ping.obj (.cinit)
                  0000e293    00000001     --HOLE-- [fill = 0]
                  0000e294    00000005     ports.obj (.cinit)
                  0000e299    00000001     --HOLE-- [fill = 0]
                  0000e29a    00000005     timer.obj (.cinit)
                  0000e29f    00000001     --HOLE-- [fill = 0]
                  0000e2a0    00000002     (.pad.cinit) [fill = 0]

.int48     0    0000ffe0    00000002     
                  0000ffe0    00000002     ports.obj (.int48)

.int53     0    0000ffea    00000002     
                  0000ffea    00000002     radio.obj (.int53)

.int54     0    0000ffec    00000002     
                  0000ffec    00000002     timer.obj (.int54)

.int55     0    0000ffee    00000002     
                  0000ffee    00000002     timer.obj (.int55)

.int56     0    0000fff0    00000002     
                  0000fff0    00000002     adc12.obj (.int56)

.reset     0    0000fffe    00000002     
                  0000fffe    00000002     rts430x.lib : boot.obj (.reset)


GLOBAL SYMBOLS: SORTED ALPHABETICALLY BY Name 

address    name
--------   ----
00001c00   .bss
00009e00   .text
00000700   ADC12CTL0
00000701   ADC12CTL0_H
00000700   ADC12CTL0_L
00000702   ADC12CTL1
00000703   ADC12CTL1_H
00000702   ADC12CTL1_L
00000704   ADC12CTL2
00000705   ADC12CTL2_H
00000704   ADC12CTL2_L
0000070c   ADC12IE
0000070d   ADC12IE_H
0000070c   ADC12IE_L
0000070a   ADC12IFG
0000070b   ADC12IFG_H
0000070a   ADC12IFG_L
0000d9e0   ADC12ISR
0000070e   ADC12IV
0000070f   ADC12IV_H
0000070e   ADC12IV_L
00000710   ADC12MCTL0
00000711   ADC12MCTL1
0000071a   ADC12MCTL10
0000071b   ADC12MCTL11
0000071c   ADC12MCTL12
0000071d   ADC12MCTL13
0000071e   ADC12MCTL14
0000071f   ADC12MCTL15
00000712   ADC12MCTL2
00000713   ADC12MCTL3
00000714   ADC12MCTL4
00000715   ADC12MCTL5
00000716   ADC12MCTL6
00000717   ADC12MCTL7
00000718   ADC12MCTL8
00000719   ADC12MCTL9
00000720   ADC12MEM0
00000721   ADC12MEM0_H
00000720   ADC12MEM0_L
00000722   ADC12MEM1
00000734   ADC12MEM10
00000735   ADC12MEM10_H
00000734   ADC12MEM10_L
00000736   ADC12MEM11
00000737   ADC12MEM11_H
00000736   ADC12MEM11_L
00000738   ADC12MEM12
00000739   ADC12MEM12_H
00000738   ADC12MEM12_L
0000073a   ADC12MEM13
0000073b   ADC12MEM13_H
0000073a   ADC12MEM13_L
0000073c   ADC12MEM14
0000073d   ADC12MEM14_H
0000073c   ADC12MEM14_L
0000073e   ADC12MEM15
0000073f   ADC12MEM15_H
0000073e   ADC12MEM15_L
00000723   ADC12MEM1_H
00000722   ADC12MEM1_L
00000724   ADC12MEM2
00000725   ADC12MEM2_H
00000724   ADC12MEM2_L
00000726   ADC12MEM3
00000727   ADC12MEM3_H
00000726   ADC12MEM3_L
00000728   ADC12MEM4
00000729   ADC12MEM4_H
00000728   ADC12MEM4_L
0000072a   ADC12MEM5
0000072b   ADC12MEM5_H
0000072a   ADC12MEM5_L
0000072c   ADC12MEM6
0000072d   ADC12MEM6_H
0000072c   ADC12MEM6_L
0000072e   ADC12MEM7
0000072f   ADC12MEM7_H
0000072e   ADC12MEM7_L
00000730   ADC12MEM8
00000731   ADC12MEM8_H
00000730   ADC12MEM8_L
00000732   ADC12MEM9
00000733   ADC12MEM9_H
00000732   ADC12MEM9_L
000009c0   AESACTL0
000009c1   AESACTL0_H
000009c0   AESACTL0_L
000009c8   AESADIN
000009c9   AESADIN_H
000009c8   AESADIN_L
000009ca   AESADOUT
000009cb   AESADOUT_H
000009ca   AESADOUT_L
000009c6   AESAKEY
000009c7   AESAKEY_H
000009c6   AESAKEY_L
000009c4   AESASTAT
000009c5   AESASTAT_H
000009c4   AESASTAT_L
0000dc36   BRRX_GetFS_Offset_s8
0000dc56   BRRX_GetHeartRate_u8
0000d796   BRRX_GetState_t
0000c576   BRRX_PacketEndTimerTask_v
0000bec0   BRRX_RadioReceive_v
0000d360   BRRX_RadioStop_v
0000dc5c   BRRX_Stop_v
0000d020   BRRX_TimerTask_v
0000dc62   BRRX__CallTimer_v
00001f36   BRRX__CurrentPacketTime_u16
00001f38   BRRX__CurrentSignalLevel_u8
0000ceac   BRRX__DecodePacket_u8
0000e11e   BRRX__First_TXCB_t
0000db80   BRRX__GetCurrentTime_u16
0000e120   BRRX__Last_TXCB_t
00001ea2   BRRX__MaxSearchTries_u8
0000cdec   BRRX__NewInfo_v
00001eee   BRRX__NextEndTime_u16
00001eec   BRRX__NextEventTime_u16
00001ef1   BRRX__NextFrequencyOffset_s8
00001ef0   BRRX__NextFrequency_u8
00001ea6   BRRX__PacketBits_t
00001ea0   BRRX__PowerdownDelay_u8
0000a0ae   BRRX__Scheduler_v
00001ea3   BRRX__SearchRatio_u8
00001ea1   BRRX__SignalLevelReduction
0000c744   BRRX__StartNewSearch_v
00001f34   BRRX__StatusFlags_t
0000dc04   BRRX__StopTimer_v
00001e4e   BRRX__TXCB_t
00001ea4   BRRX__TestMode_u8
00001ef2   BRRX__TimerState_t
0000d25c   BR__CalcCRC_u8
0000cab4   BR__CalcRandomTimeOffset_u16
0000d290   BSP_Delay
0000dafe   BlueRobin_RadioISR_v
0000dc84   C$$EXIT
000008c0   CBCTL0
000008c1   CBCTL0_H
000008c0   CBCTL0_L
000008c2   CBCTL1
000008c3   CBCTL1_H
000008c2   CBCTL1_L
000008c4   CBCTL2
000008c5   CBCTL2_H
000008c4   CBCTL2_L
000008c6   CBCTL3
000008c7   CBCTL3_H
000008c6   CBCTL3_L
000008cc   CBINT
000008cd   CBINT_H
000008cc   CBINT_L
000008ce   CBIV
00000150   CRCDI
00000152   CRCDIRB
00000153   CRCDIRB_H
00000152   CRCDIRB_L
00000151   CRCDI_H
00000150   CRCDI_L
00000154   CRCINIRES
00000155   CRCINIRES_H
00000154   CRCINIRES_L
00000156   CRCRESR
00000157   CRCRESR_H
00000156   CRCRESR_L
00000510   DMA0CTL
00000511   DMA0CTL_H
00000510   DMA0CTL_L
00000516   DMA0DA
00000516   DMA0DAL
00000512   DMA0SA
00000512   DMA0SAL
0000051a   DMA0SZ
00000520   DMA1CTL
00000521   DMA1CTL_H
00000520   DMA1CTL_L
00000526   DMA1DA
00000526   DMA1DAL
00000522   DMA1SA
00000522   DMA1SAL
0000052a   DMA1SZ
00000530   DMA2CTL
00000531   DMA2CTL_H
00000530   DMA2CTL_L
00000536   DMA2DA
00000536   DMA2DAL
00000532   DMA2SA
00000532   DMA2SAL
0000053a   DMA2SZ
00000500   DMACTL0
00000501   DMACTL0_H
00000500   DMACTL0_L
00000502   DMACTL1
00000503   DMACTL1_H
00000502   DMACTL1_L
00000504   DMACTL2
00000505   DMACTL2_H
00000504   DMACTL2_L
00000506   DMACTL3
00000507   DMACTL3_H
00000506   DMACTL3_L
00000508   DMACTL4
00000509   DMACTL4_H
00000508   DMACTL4_L
0000050e   DMAIV
0000050f   DMAIV_H
0000050e   DMAIV_L
00000140   FCTL1
00000141   FCTL1_H
00000140   FCTL1_L
00000144   FCTL3
00000145   FCTL3_H
00000144   FCTL3_L
00000146   FCTL4
00000147   FCTL4_H
00000146   FCTL4_L
00000a04   LCDBBLKCTL
00000a05   LCDBBLKCTL_H
00000a04   LCDBBLKCTL_L
00000a12   LCDBCPCTL
00000a13   LCDBCPCTL_H
00000a12   LCDBCPCTL_L
00000a00   LCDBCTL0
00000a01   LCDBCTL0_H
00000a00   LCDBCTL0_L
00000a02   LCDBCTL1
00000a03   LCDBCTL1_H
00000a02   LCDBCTL1_L
00000a1e   LCDBIV
00000a40   LCDBM1
00000a49   LCDBM10
00000a4a   LCDBM11
00000a4b   LCDBM12
00000a4c   LCDBM13
00000a4d   LCDBM14
00000a4e   LCDBM15
00000a4f   LCDBM16
00000a50   LCDBM17
00000a51   LCDBM18
00000a52   LCDBM19
00000a41   LCDBM2
00000a53   LCDBM20
00000a54   LCDBM21
00000a55   LCDBM22
00000a56   LCDBM23
00000a57   LCDBM24
00000a42   LCDBM3
00000a43   LCDBM4
00000a44   LCDBM5
00000a45   LCDBM6
00000a46   LCDBM7
00000a47   LCDBM8
00000a48   LCDBM9
00000a06   LCDBMEMCTL
00000a07   LCDBMEMCTL_H
00000a06   LCDBMEMCTL_L
00000a0a   LCDBPCTL0
00000a0b   LCDBPCTL0_H
00000a0a   LCDBPCTL0_L
00000a0c   LCDBPCTL1
00000a0d   LCDBPCTL1_H
00000a0c   LCDBPCTL1_L
00000a0e   LCDBPCTL2
00000a0f   LCDBPCTL2_H
00000a0e   LCDBPCTL2_L
00000a10   LCDBPCTL3
00000a11   LCDBPCTL3_H
00000a10   LCDBPCTL3_L
00000a08   LCDBVCTL
00000a09   LCDBVCTL_H
00000a08   LCDBVCTL_L
00000a20   LCDM1
00000a29   LCDM10
00000a2a   LCDM11
00000a2b   LCDM12
00000a2c   LCDM13
00000a2d   LCDM14
00000a2e   LCDM15
00000a2f   LCDM16
00000a30   LCDM17
00000a31   LCDM18
00000a32   LCDM19
00000a21   LCDM2
00000a33   LCDM20
00000a34   LCDM21
00000a35   LCDM22
00000a36   LCDM23
00000a37   LCDM24
00000a22   LCDM3
00000a23   LCDM4
00000a24   LCDM5
00000a25   LCDM6
00000a26   LCDM7
00000a27   LCDM8
00000a28   LCDM9
0000cf60   L_LSL_1
0000cf3c   L_LSL_10
0000cf38   L_LSL_11
0000cf34   L_LSL_12
0000cf30   L_LSL_13
0000cf2c   L_LSL_14
0000cf28   L_LSL_15
0000cf5c   L_LSL_2
0000cf58   L_LSL_3
0000cf54   L_LSL_4
0000cf50   L_LSL_5
0000cf4c   L_LSL_6
0000cf48   L_LSL_7
0000cf44   L_LSL_8
0000cf40   L_LSL_9
0000cf9e   L_LSR_1
0000cf7a   L_LSR_10
0000cf76   L_LSR_11
0000cf72   L_LSR_12
0000cf6e   L_LSR_13
0000cf6a   L_LSR_14
0000cf66   L_LSR_15
0000cf9a   L_LSR_2
0000cf96   L_LSR_3
0000cf92   L_LSR_4
0000cf8e   L_LSR_5
0000cf8a   L_LSR_6
0000cf86   L_LSR_7
0000cf82   L_LSR_8
0000cf7e   L_LSR_9
000004c4   MAC
000004da   MAC32H
000004db   MAC32H_H
000004da   MAC32H_L
000004d8   MAC32L
000004d9   MAC32L_H
000004d8   MAC32L_L
000004c6   MACS
000004de   MACS32H
000004df   MACS32H_H
000004de   MACS32H_L
000004dc   MACS32L
000004dd   MACS32L_H
000004dc   MACS32L_L
000004c7   MACS_H
000004c6   MACS_L
000004c5   MAC_H
000004c4   MAC_L
000004c0   MPY
000004ec   MPY32CTL0
000004ed   MPY32CTL0_H
000004ec   MPY32CTL0_L
000004d2   MPY32H
000004d3   MPY32H_H
000004d2   MPY32H_L
000004d0   MPY32L
000004d1   MPY32L_H
000004d0   MPY32L_L
000004c2   MPYS
000004d6   MPYS32H
000004d7   MPYS32H_H
000004d6   MPYS32H_L
000004d4   MPYS32L
000004d5   MPYS32L_H
000004d4   MPYS32L_L
000004c3   MPYS_H
000004c2   MPYS_L
000004c1   MPY_H
000004c0   MPY_L
0000db8c   MRFI_PostKillSem
0000c3f2   MRFI_RadioIsr
0000da2a   MRFI_RandomByte
0000db98   MRFI_Receive
0000d8b0   MRFI_RxCompleteISR
0000b3fa   MRFI_Transmit
000004c8   OP2
000004e2   OP2H
000004e3   OP2H_H
000004e2   OP2H_L
000004e0   OP2L
000004e1   OP2L_H
000004e0   OP2L_L
000004c9   OP2_H
000004c8   OP2_L
0000020e   P1IV
000001c8   P1MAP01
000001c9   P1MAP01_H
000001c8   P1MAP01_L
000001ca   P1MAP23
000001cb   P1MAP23_H
000001ca   P1MAP23_L
000001cc   P1MAP45
000001cd   P1MAP45_H
000001cc   P1MAP45_L
000001ce   P1MAP67
000001cf   P1MAP67_H
000001ce   P1MAP67_L
0000021e   P2IV
000001d0   P2MAP01
000001d1   P2MAP01_H
000001d0   P2MAP01_L
000001d2   P2MAP23
000001d3   P2MAP23_H
000001d2   P2MAP23_L
000001d4   P2MAP45
000001d5   P2MAP45_H
000001d4   P2MAP45_L
000001d6   P2MAP67
000001d7   P2MAP67_H
000001d6   P2MAP67_L
000001d8   P3MAP01
000001d9   P3MAP01_H
000001d8   P3MAP01_L
000001da   P3MAP23
000001db   P3MAP23_H
000001da   P3MAP23_L
000001dc   P3MAP45
000001dd   P3MAP45_H
000001dc   P3MAP45_L
000001de   P3MAP67
000001df   P3MAP67_H
000001de   P3MAP67_L
00000204   PADIR
00000205   PADIR_H
00000204   PADIR_L
00000208   PADS
00000209   PADS_H
00000208   PADS_L
0000021a   PAIE
00000218   PAIES
00000219   PAIES_H
00000218   PAIES_L
0000021b   PAIE_H
0000021a   PAIE_L
0000021c   PAIFG
0000021d   PAIFG_H
0000021c   PAIFG_L
00000200   PAIN
00000201   PAIN_H
00000200   PAIN_L
00000202   PAOUT
00000203   PAOUT_H
00000202   PAOUT_L
00000206   PAREN
00000207   PAREN_H
00000206   PAREN_L
0000020a   PASEL
0000020b   PASEL_H
0000020a   PASEL_L
00000224   PBDIR
00000225   PBDIR_H
00000224   PBDIR_L
00000228   PBDS
00000229   PBDS_H
00000228   PBDS_L
00000220   PBIN
00000221   PBIN_H
00000220   PBIN_L
00000222   PBOUT
00000223   PBOUT_H
00000222   PBOUT_L
00000226   PBREN
00000227   PBREN_H
00000226   PBREN_L
0000022a   PBSEL
0000022b   PBSEL_H
0000022a   PBSEL_L
00000244   PCDIR
00000245   PCDIR_H
00000244   PCDIR_L
00000248   PCDS
00000249   PCDS_H
00000248   PCDS_L
00000240   PCIN
00000241   PCIN_H
00000240   PCIN_L
00000242   PCOUT
00000243   PCOUT_H
00000242   PCOUT_L
00000246   PCREN
00000247   PCREN_H
00000246   PCREN_L
0000024a   PCSEL
0000024b   PCSEL_H
0000024a   PCSEL_L
00000324   PJDIR
00000325   PJDIR_H
00000324   PJDIR_L
00000328   PJDS
00000329   PJDS_H
00000328   PJDS_L
00000320   PJIN
00000321   PJIN_H
00000320   PJIN_L
00000322   PJOUT
00000323   PJOUT_H
00000322   PJOUT_L
00000326   PJREN
00000327   PJREN_H
00000326   PJREN_L
000001c2   PMAPCTL
000001c3   PMAPCTL_H
000001c2   PMAPCTL_L
000001c0   PMAPKEYID
000001c1   PMAPKEYID_H
000001c0   PMAPKEYID_L
00000120   PMMCTL0
00000121   PMMCTL0_H
00000120   PMMCTL0_L
00000122   PMMCTL1
00000123   PMMCTL1_H
00000122   PMMCTL1_L
0000012c   PMMIFG
0000012d   PMMIFG_H
0000012c   PMMIFG_L
0000012e   PMMRIE
0000012f   PMMRIE_H
0000012e   PMMRIE_L
0000a964   PORT2_ISR
00000158   RCCTL0
00000159   RCCTL0_H
00000158   RCCTL0_L
000001b0   REFCTL0
000001b1   REFCTL0_H
000001b0   REFCTL0_L
000004e4   RES0
000004e5   RES0_H
000004e4   RES0_L
000004e6   RES1
000004e7   RES1_H
000004e6   RES1_L
000004e8   RES2
000004e9   RES2_H
000004e8   RES2_L
000004ea   RES3
000004eb   RES3_H
000004ea   RES3_L
000004cc   RESHI
000004cd   RESHI_H
000004cc   RESHI_L
000004ca   RESLO
000004cb   RESLO_H
000004ca   RESLO_L
00000f16   RF1ADINW
00000f17   RF1ADINW_H
00000f16   RF1ADINW_L
00000f28   RF1ADOUT0W
00000f29   RF1ADOUT0W_H
00000f28   RF1ADOUT0W_L
00000f2a   RF1ADOUT1W
00000f2b   RF1ADOUT1W_H
00000f2a   RF1ADOUT1W_L
00000f2c   RF1ADOUT2W
00000f2d   RF1ADOUT2W_H
00000f2c   RF1ADOUT2W_L
00000f36   RF1AIE
00000f34   RF1AIES
00000f35   RF1AIES_H
00000f34   RF1AIES_L
00000f37   RF1AIE_H
00000f36   RF1AIE_L
00000f00   RF1AIFCTL0
00000f01   RF1AIFCTL0_H
00000f00   RF1AIFCTL0_L
00000f02   RF1AIFCTL1
00000f03   RF1AIFCTL1_H
00000f02   RF1AIFCTL1_L
00000f04   RF1AIFCTL2
00000f05   RF1AIFCTL2_H
00000f04   RF1AIFCTL2_L
00000f06   RF1AIFERR
00000f0c   RF1AIFERRV
00000f0d   RF1AIFERRV_H
00000f0c   RF1AIFERRV_L
00000f07   RF1AIFERR_H
00000f06   RF1AIFERR_L
00000f32   RF1AIFG
00000f33   RF1AIFG_H
00000f32   RF1AIFG_L
00000f0e   RF1AIFIV
00000f0f   RF1AIFIV_H
00000f0e   RF1AIFIV_L
00000f30   RF1AIN
00000f12   RF1AINSTR1W
00000f13   RF1AINSTR1W_H
00000f12   RF1AINSTR1W_L
00000f14   RF1AINSTR2W
00000f15   RF1AINSTR2W_H
00000f14   RF1AINSTR2W_L
00000f10   RF1AINSTRW
00000f11   RF1AINSTRW_H
00000f10   RF1AINSTRW_L
00000f31   RF1AIN_H
00000f30   RF1AIN_L
00000f38   RF1AIV
00000f39   RF1AIV_H
00000f38   RF1AIV_L
00000f3c   RF1ARXFIFO
00000f3d   RF1ARXFIFO_H
00000f3c   RF1ARXFIFO_L
00000f20   RF1ASTAT0W
00000f21   RF1ASTAT0W_H
00000f20   RF1ASTAT0W_L
00000f22   RF1ASTAT1W
00000f23   RF1ASTAT1W_H
00000f22   RF1ASTAT1W_L
00000f24   RF1ASTAT2W
00000f25   RF1ASTAT2W_H
00000f24   RF1ASTAT2W_L
00000f3e   RF1ATXFIFO
00000f3f   RF1ATXFIFO_H
00000f3e   RF1ATXFIFO_L
000004ba   RTCADOWDAY
000004bb   RTCADOWDAY_H
000004ba   RTCADOWDAY_L
000004b8   RTCAMINHR
000004b9   RTCAMINHR_H
000004b8   RTCAMINHR_L
000004a0   RTCCTL01
000004a1   RTCCTL01_H
000004a0   RTCCTL01_L
000004a2   RTCCTL23
000004a3   RTCCTL23_H
000004a2   RTCCTL23_L
000004b4   RTCDATE
000004b5   RTCDATE_H
000004b4   RTCDATE_L
000004ae   RTCIV
000004ac   RTCPS
000004a8   RTCPS0CTL
000004a9   RTCPS0CTL_H
000004a8   RTCPS0CTL_L
000004aa   RTCPS1CTL
000004ab   RTCPS1CTL_H
000004aa   RTCPS1CTL_L
000004ad   RTCPS_H
000004ac   RTCPS_L
000004b0   RTCTIM0
000004b1   RTCTIM0_H
000004b0   RTCTIM0_L
000004b2   RTCTIM1
000004b3   RTCTIM1_H
000004b2   RTCTIM1_L
000004b6   RTCYEAR
000004b7   RTCYEAR_H
000004b6   RTCYEAR_L
0000dec2   RandomValue_u8
0000cc5a   ReadBurstReg
0000da56   ReadSingleReg
00000100   SFRIE1
00000101   SFRIE1_H
00000100   SFRIE1_L
00000102   SFRIFG1
00000103   SFRIFG1_H
00000102   SFRIFG1_L
00000104   SFRRPCR
00000105   SFRRPCR_H
00000104   SFRRPCR_L
000004ce   SUMEXT
000004cf   SUMEXT_H
000004ce   SUMEXT_L
00000124   SVSMHCTL
00000125   SVSMHCTL_H
00000124   SVSMHCTL_L
00000128   SVSMIO
00000129   SVSMIO_H
00000128   SVSMIO_L
00000126   SVSMLCTL
00000127   SVSMLCTL_H
00000126   SVSMLCTL_L
00000198   SYSBERRIV
00000199   SYSBERRIV_H
00000198   SYSBERRIV_L
00000182   SYSBSLC
00000183   SYSBSLC_H
00000182   SYSBSLC_L
00000180   SYSCTL
00000181   SYSCTL_H
00000180   SYSCTL_L
00000186   SYSJMBC
00000187   SYSJMBC_H
00000186   SYSJMBC_L
00000188   SYSJMBI0
00000189   SYSJMBI0_H
00000188   SYSJMBI0_L
0000018a   SYSJMBI1
0000018b   SYSJMBI1_H
0000018a   SYSJMBI1_L
0000018c   SYSJMBO0
0000018d   SYSJMBO0_H
0000018c   SYSJMBO0_L
0000018e   SYSJMBO1
0000018f   SYSJMBO1_H
0000018e   SYSJMBO1_L
0000019e   SYSRSTIV
0000019f   SYSRSTIV_H
0000019e   SYSRSTIV_L
0000019c   SYSSNIV
0000019d   SYSSNIV_H
0000019c   SYSSNIV_L
0000019a   SYSUNIV
0000019b   SYSUNIV_H
0000019a   SYSUNIV_L
0000d7de   SetVCore
0000d6b2   SetVCoreDown
0000cafc   SetVCoreUp
0000b8d2   Strobe
00000352   TA0CCR0
00000353   TA0CCR0_H
00000352   TA0CCR0_L
00000354   TA0CCR1
00000355   TA0CCR1_H
00000354   TA0CCR1_L
00000356   TA0CCR2
00000357   TA0CCR2_H
00000356   TA0CCR2_L
00000358   TA0CCR3
00000359   TA0CCR3_H
00000358   TA0CCR3_L
0000035a   TA0CCR4
0000035b   TA0CCR4_H
0000035a   TA0CCR4_L
00000342   TA0CCTL0
00000343   TA0CCTL0_H
00000342   TA0CCTL0_L
00000344   TA0CCTL1
00000345   TA0CCTL1_H
00000344   TA0CCTL1_L
00000346   TA0CCTL2
00000347   TA0CCTL2_H
00000346   TA0CCTL2_L
00000348   TA0CCTL3
00000349   TA0CCTL3_H
00000348   TA0CCTL3_L
0000034a   TA0CCTL4
0000034b   TA0CCTL4_H
0000034a   TA0CCTL4_L
00000340   TA0CTL
00000341   TA0CTL_H
00000340   TA0CTL_L
00000360   TA0EX0
00000361   TA0EX0_H
00000360   TA0EX0_L
0000036e   TA0IV
0000036f   TA0IV_H
0000036e   TA0IV_L
00000350   TA0R
00000351   TA0R_H
00000350   TA0R_L
00000392   TA1CCR0
00000393   TA1CCR0_H
00000392   TA1CCR0_L
00000394   TA1CCR1
00000395   TA1CCR1_H
00000394   TA1CCR1_L
00000396   TA1CCR2
00000397   TA1CCR2_H
00000396   TA1CCR2_L
00000382   TA1CCTL0
00000383   TA1CCTL0_H
00000382   TA1CCTL0_L
00000384   TA1CCTL1
00000385   TA1CCTL1_H
00000384   TA1CCTL1_L
00000386   TA1CCTL2
00000387   TA1CCTL2_H
00000386   TA1CCTL2_L
00000380   TA1CTL
00000381   TA1CTL_H
00000380   TA1CTL_L
000003a0   TA1EX0
000003a1   TA1EX0_H
000003a0   TA1EX0_L
000003ae   TA1IV
000003af   TA1IV_H
000003ae   TA1IV_L
00000390   TA1R
00000391   TA1R_H
00000390   TA1R_L
0000b0b0   TIMER0_A0_ISR
0000c7f4   TIMER0_A1_5_ISR
0000d9fa   Timer0_A3_Start
0000dc3e   Timer0_A3_Stop
0000ceea   Timer0_A4_Delay
0000daae   Timer0_Init
000005d0   UCA0ABCTL
000005c6   UCA0BRW
000005c7   UCA0BRW_H
000005c6   UCA0BRW_L
000005c0   UCA0CTLW0
000005c1   UCA0CTLW0_H
000005c0   UCA0CTLW0_L
000005dc   UCA0ICTL
000005dd   UCA0ICTL_H
000005dc   UCA0ICTL_L
000005d2   UCA0IRCTL
000005d3   UCA0IRCTL_H
000005d2   UCA0IRCTL_L
000005de   UCA0IV
000005c8   UCA0MCTL
000005cc   UCA0RXBUF
000005ca   UCA0STAT
000005ce   UCA0TXBUF
000005e6   UCB0BRW
000005e7   UCB0BRW_H
000005e6   UCB0BRW_L
000005e0   UCB0CTLW0
000005e1   UCB0CTLW0_H
000005e0   UCB0CTLW0_L
000005f0   UCB0I2COA
000005f1   UCB0I2COA_H
000005f0   UCB0I2COA_L
000005f2   UCB0I2CSA
000005f3   UCB0I2CSA_H
000005f2   UCB0I2CSA_L
000005fc   UCB0ICTL
000005fd   UCB0ICTL_H
000005fc   UCB0ICTL_L
000005fe   UCB0IV
000005ec   UCB0RXBUF
000005ea   UCB0STAT
000005ee   UCB0TXBUF
00000160   UCSCTL0
00000161   UCSCTL0_H
00000160   UCSCTL0_L
00000162   UCSCTL1
00000163   UCSCTL1_H
00000162   UCSCTL1_L
00000164   UCSCTL2
00000165   UCSCTL2_H
00000164   UCSCTL2_L
00000166   UCSCTL3
00000167   UCSCTL3_H
00000166   UCSCTL3_L
00000168   UCSCTL4
00000169   UCSCTL4_H
00000168   UCSCTL4_L
0000016a   UCSCTL5
0000016b   UCSCTL5_H
0000016a   UCSCTL5_L
0000016c   UCSCTL6
0000016d   UCSCTL6_H
0000016c   UCSCTL6_L
0000016e   UCSCTL7
0000016f   UCSCTL7_H
0000016e   UCSCTL7_L
00000170   UCSCTL8
00000171   UCSCTL8_H
00000170   UCSCTL8_L
0000015c   WDTCTL
0000015d   WDTCTL_H
0000015c   WDTCTL_L
0000d148   WriteSingleReg
00002bfc   __STACK_END
00000050   __STACK_SIZE
00000001   __TI_args_main
00000001   __TI_auto_init
00000001   __TI_exit
ffffffff   __binit__
00001c00   __bss__
ffffffff   __c_args__
0000e126   __cinit__
0000d538   __divi
0000ce6c   __divli
0000da82   __divu
0000c79c   __divul
00001f49   __end__
0000dca2   __etext__
0000aa9a   __fs_add
0000ca20   __fs_cmp
0000ba88   __fs_div
0000d226   __fs_itof
0000b576   __fs_mpy
0000aa94   __fs_sub
0000cbce   __fs_tou
0000c9d4   __fs_toul
0000d3f6   __fs_ultof
0000d826   __fs_utof
0000da98   __mpyi_f5hw
0000d88e   __mpyl_f5hw
ffffffff   __pinit__
0000d538   __remi
0000ce6c   __remli
0000da82   __remu
0000c79c   __remul
00009e00   __text__
0000cb42   _auto_init
0000d5ba   _c_int00
0000d5ba   _c_int00_noexit
00001f04   _cleanup_ptr
00001f08   _dtors_ptr
00001efc   _lock
0000dc98   _nop
0000fffe   _reset_vector
00002bac   _stack
0000dc80   _system_pre_init
00001f00   _unlock
0000dc84   abort
00001f44   adc12_data_ready
00001f42   adc12_result
0000c258   adc12_single_conversion
0000c93c   add_day
0000d486   as_init
00001f1b   as_ok
0000c02c   battery_measurement
00001e70   bike
ffffffff   binit
00001f20   brrx_packet_end_cap_value
00001d96   burst_end
00001d93   burst_mode
00001d98   burst_packet
00001daa   burst_packet_index
00001d94   burst_start
00001f0c   button
00001f1a   change_menu
0000e126   cinit
0000c5d4   clear_line
0000c68e   clock_tick
0000db34   close_radio
00009e00   conv_pa_to_meter
0000da12   convert_hour_to_12H_format
0000dac2   countdown_buzzer
0000d4e0   datalog_add_to_buffer
0000abc4   datalog_sm
0000b62c   datalog_write_buffer
00001eba   display
0000d8d0   display_am_pm_symbol
0000c0a0   display_char
0000afc8   display_chars
0000c454   display_distance
0000bd3a   display_speed
0000d98c   display_symbol
0000a518   display_time
0000a6a4   display_update
0000b6da   do_altitude_measurement
0000aed6   do_datalog
0000dc9a   dummy
00001f49   end
0000dca2   etext
0000cd68   flash_erase_page
00001dac   flash_ptr
0000d5e4   flash_write
00001f14   fptr_Timer0_A3_function
00001e74   fptr_lcd_function_line1
00001e78   fptr_lcd_function_line2
0000d84a   get_bluerobin_data
0000bdbe   get_numberOfDays
0000e07a   h0
0000dbb0   idle_loop
0000b268   init_application
0000d6fe   init_buttons
0000c1ee   init_global_variables
0000d724   init_pressure_table
0000dc68   is_altitude_measurement
0000dbbc   is_bluerobin
0000d8f0   is_bluerobin_flash_write_window
0000dbc8   is_bluerobin_searching
0000dc46   is_datalog
0000db64   is_hour_am
0000dbd4   is_rf
0000b332   itoa
0000dca2   itoa_conversion_table
00001ebc   itoa_str
0000e024   lcd_font
0000d60e   lcd_init
0000d392   main
0000d802   memcmp
0000db10   memcpy
0000d910   memmove
0000dad6   memset
0000dfc2   menu_L1_Speed
0000dfe6   menu_L2_Distance
0000dfd4   menu_L2_Time
00001e6e   message
00001e30   method
0000e122   mrfiBroadcastAddr
0000b968   mrfiRadioInterfaceCmdStrobe
0000cb88   mrfiRadioInterfaceReadReg
0000c38e   mrfiRadioInterfaceReadRxFifo
0000d2f8   mrfiRadioInterfaceWriteReg
0000d32c   mrfiRadioInterfaceWriteTxFifo
0000d50c   nwk_QadjustOrder
0000bfb6   nwk_QfindSlot
0000b194   nwk_allocateLocalRxPort
0000b9f8   nwk_buildFrame
0000d05c   nwk_findPeer
0000dc6e   nwk_freeConnection
0000db22   nwk_getMyAddress
0000dc74   nwk_getMyRxType
0000cfa4   nwk_getNextConnection
0000dbe0   nwk_getNumObjectFromMsg
0000dc88   nwk_getProtocolVersion
0000bba2   nwk_isConnectionValid
0000d098   nwk_isLinkDuplicate
0000ce2c   nwk_isValidReply
0000dc8c   nwk_processFreq
0000d9aa   nwk_processJoin
0000d74a   nwk_processLink
0000d10e   nwk_processMgmt
0000d68a   nwk_processPing
0000dc90   nwk_processSecurity
0000be40   nwk_sendAckReply
0000d428   nwk_sendFrame
00001dae   p
0000e09c   p0
ffffffff   pinit
0000d770   process_requests
0000c328   ps_get_pa
0000c988   ps_get_temp
0000bf3e   ps_init
00001df2   ps_ok
0000c112   ps_read_register
0000dbec   ps_start
0000dc0e   ps_stop
0000c848   ps_twi_read
0000b832   ps_twi_sda
0000cdaa   ps_twi_write
0000c6ea   ps_write_register
00001f3e   ptrMenu_L1
00001f40   ptrMenu_L2
0000d180   radio_ISR
0000db44   radio_powerdown
0000d3c4   radio_reset
0000b786   read_calibration_values
00001e6c   request
0000dc9c   reset_acceleration
0000cc9e   reset_altitude_measurement
0000db72   reset_batt_measurement
0000da6c   reset_bluerobin
0000dc18   reset_buzzer
0000d86c   reset_clock
0000d1f0   reset_datalog
0000daea   reset_date
0000dc7a   reset_rf
00001e72   rf_frequoffset
00001f22   sAccel
00001e7c   sAlt
00001f28   sBatt
00001eb0   sBlueRobin
00001f0e   sButton
00001ef4   sBuzzer
00001c8c   sDatalog
00001f2e   sDate
00001ee1   sInit_done
00001d68   sRFsmpl
00001e8c   sTime
00001f18   sTimer
0000e050   segments_bitmask
00001d14   segments_lcdmem
00001d6e   simpliciti_data
00001d8e   simpliciti_ed_address
00001d6c   simpliciti_flag
00001d92   simpliciti_reply_count
00001f13   speed_flag
0000c4b6   start_altitude_measurement
0000cc14   start_buzzer
0000d638   stop_altitude_measurement
0000cfe2   stop_bluerobin
0000d930   stop_buzzer
0000dbf8   switch_seg
0000dc9e   sx_distance
0000dca0   sx_speed
0000db54   sx_time
00001e6a   sys
0000dc4e   to_lpm
0000ca6a   toggle_buzzer
0000dc94   twi_delay
0000dc22   update_date
0000a332   update_pressure_table
0000dc2c   update_time
0000d564   wakeup_event
0000c516   write_lcd_mem


GLOBAL SYMBOLS: SORTED BY Symbol Address 

address    name
--------   ----
00000001   __TI_args_main
00000001   __TI_auto_init
00000001   __TI_exit
00000050   __STACK_SIZE
00000100   SFRIE1
00000100   SFRIE1_L
00000101   SFRIE1_H
00000102   SFRIFG1
00000102   SFRIFG1_L
00000103   SFRIFG1_H
00000104   SFRRPCR
00000104   SFRRPCR_L
00000105   SFRRPCR_H
00000120   PMMCTL0
00000120   PMMCTL0_L
00000121   PMMCTL0_H
00000122   PMMCTL1
00000122   PMMCTL1_L
00000123   PMMCTL1_H
00000124   SVSMHCTL
00000124   SVSMHCTL_L
00000125   SVSMHCTL_H
00000126   SVSMLCTL
00000126   SVSMLCTL_L
00000127   SVSMLCTL_H
00000128   SVSMIO
00000128   SVSMIO_L
00000129   SVSMIO_H
0000012c   PMMIFG
0000012c   PMMIFG_L
0000012d   PMMIFG_H
0000012e   PMMRIE
0000012e   PMMRIE_L
0000012f   PMMRIE_H
00000140   FCTL1
00000140   FCTL1_L
00000141   FCTL1_H
00000144   FCTL3
00000144   FCTL3_L
00000145   FCTL3_H
00000146   FCTL4
00000146   FCTL4_L
00000147   FCTL4_H
00000150   CRCDI
00000150   CRCDI_L
00000151   CRCDI_H
00000152   CRCDIRB
00000152   CRCDIRB_L
00000153   CRCDIRB_H
00000154   CRCINIRES
00000154   CRCINIRES_L
00000155   CRCINIRES_H
00000156   CRCRESR
00000156   CRCRESR_L
00000157   CRCRESR_H
00000158   RCCTL0
00000158   RCCTL0_L
00000159   RCCTL0_H
0000015c   WDTCTL
0000015c   WDTCTL_L
0000015d   WDTCTL_H
00000160   UCSCTL0
00000160   UCSCTL0_L
00000161   UCSCTL0_H
00000162   UCSCTL1
00000162   UCSCTL1_L
00000163   UCSCTL1_H
00000164   UCSCTL2
00000164   UCSCTL2_L
00000165   UCSCTL2_H
00000166   UCSCTL3
00000166   UCSCTL3_L
00000167   UCSCTL3_H
00000168   UCSCTL4
00000168   UCSCTL4_L
00000169   UCSCTL4_H
0000016a   UCSCTL5
0000016a   UCSCTL5_L
0000016b   UCSCTL5_H
0000016c   UCSCTL6
0000016c   UCSCTL6_L
0000016d   UCSCTL6_H
0000016e   UCSCTL7
0000016e   UCSCTL7_L
0000016f   UCSCTL7_H
00000170   UCSCTL8
00000170   UCSCTL8_L
00000171   UCSCTL8_H
00000180   SYSCTL
00000180   SYSCTL_L
00000181   SYSCTL_H
00000182   SYSBSLC
00000182   SYSBSLC_L
00000183   SYSBSLC_H
00000186   SYSJMBC
00000186   SYSJMBC_L
00000187   SYSJMBC_H
00000188   SYSJMBI0
00000188   SYSJMBI0_L
00000189   SYSJMBI0_H
0000018a   SYSJMBI1
0000018a   SYSJMBI1_L
0000018b   SYSJMBI1_H
0000018c   SYSJMBO0
0000018c   SYSJMBO0_L
0000018d   SYSJMBO0_H
0000018e   SYSJMBO1
0000018e   SYSJMBO1_L
0000018f   SYSJMBO1_H
00000198   SYSBERRIV
00000198   SYSBERRIV_L
00000199   SYSBERRIV_H
0000019a   SYSUNIV
0000019a   SYSUNIV_L
0000019b   SYSUNIV_H
0000019c   SYSSNIV
0000019c   SYSSNIV_L
0000019d   SYSSNIV_H
0000019e   SYSRSTIV
0000019e   SYSRSTIV_L
0000019f   SYSRSTIV_H
000001b0   REFCTL0
000001b0   REFCTL0_L
000001b1   REFCTL0_H
000001c0   PMAPKEYID
000001c0   PMAPKEYID_L
000001c1   PMAPKEYID_H
000001c2   PMAPCTL
000001c2   PMAPCTL_L
000001c3   PMAPCTL_H
000001c8   P1MAP01
000001c8   P1MAP01_L
000001c9   P1MAP01_H
000001ca   P1MAP23
000001ca   P1MAP23_L
000001cb   P1MAP23_H
000001cc   P1MAP45
000001cc   P1MAP45_L
000001cd   P1MAP45_H
000001ce   P1MAP67
000001ce   P1MAP67_L
000001cf   P1MAP67_H
000001d0   P2MAP01
000001d0   P2MAP01_L
000001d1   P2MAP01_H
000001d2   P2MAP23
000001d2   P2MAP23_L
000001d3   P2MAP23_H
000001d4   P2MAP45
000001d4   P2MAP45_L
000001d5   P2MAP45_H
000001d6   P2MAP67
000001d6   P2MAP67_L
000001d7   P2MAP67_H
000001d8   P3MAP01
000001d8   P3MAP01_L
000001d9   P3MAP01_H
000001da   P3MAP23
000001da   P3MAP23_L
000001db   P3MAP23_H
000001dc   P3MAP45
000001dc   P3MAP45_L
000001dd   P3MAP45_H
000001de   P3MAP67
000001de   P3MAP67_L
000001df   P3MAP67_H
00000200   PAIN
00000200   PAIN_L
00000201   PAIN_H
00000202   PAOUT
00000202   PAOUT_L
00000203   PAOUT_H
00000204   PADIR
00000204   PADIR_L
00000205   PADIR_H
00000206   PAREN
00000206   PAREN_L
00000207   PAREN_H
00000208   PADS
00000208   PADS_L
00000209   PADS_H
0000020a   PASEL
0000020a   PASEL_L
0000020b   PASEL_H
0000020e   P1IV
00000218   PAIES
00000218   PAIES_L
00000219   PAIES_H
0000021a   PAIE
0000021a   PAIE_L
0000021b   PAIE_H
0000021c   PAIFG
0000021c   PAIFG_L
0000021d   PAIFG_H
0000021e   P2IV
00000220   PBIN
00000220   PBIN_L
00000221   PBIN_H
00000222   PBOUT
00000222   PBOUT_L
00000223   PBOUT_H
00000224   PBDIR
00000224   PBDIR_L
00000225   PBDIR_H
00000226   PBREN
00000226   PBREN_L
00000227   PBREN_H
00000228   PBDS
00000228   PBDS_L
00000229   PBDS_H
0000022a   PBSEL
0000022a   PBSEL_L
0000022b   PBSEL_H
00000240   PCIN
00000240   PCIN_L
00000241   PCIN_H
00000242   PCOUT
00000242   PCOUT_L
00000243   PCOUT_H
00000244   PCDIR
00000244   PCDIR_L
00000245   PCDIR_H
00000246   PCREN
00000246   PCREN_L
00000247   PCREN_H
00000248   PCDS
00000248   PCDS_L
00000249   PCDS_H
0000024a   PCSEL
0000024a   PCSEL_L
0000024b   PCSEL_H
00000320   PJIN
00000320   PJIN_L
00000321   PJIN_H
00000322   PJOUT
00000322   PJOUT_L
00000323   PJOUT_H
00000324   PJDIR
00000324   PJDIR_L
00000325   PJDIR_H
00000326   PJREN
00000326   PJREN_L
00000327   PJREN_H
00000328   PJDS
00000328   PJDS_L
00000329   PJDS_H
00000340   TA0CTL
00000340   TA0CTL_L
00000341   TA0CTL_H
00000342   TA0CCTL0
00000342   TA0CCTL0_L
00000343   TA0CCTL0_H
00000344   TA0CCTL1
00000344   TA0CCTL1_L
00000345   TA0CCTL1_H
00000346   TA0CCTL2
00000346   TA0CCTL2_L
00000347   TA0CCTL2_H
00000348   TA0CCTL3
00000348   TA0CCTL3_L
00000349   TA0CCTL3_H
0000034a   TA0CCTL4
0000034a   TA0CCTL4_L
0000034b   TA0CCTL4_H
00000350   TA0R
00000350   TA0R_L
00000351   TA0R_H
00000352   TA0CCR0
00000352   TA0CCR0_L
00000353   TA0CCR0_H
00000354   TA0CCR1
00000354   TA0CCR1_L
00000355   TA0CCR1_H
00000356   TA0CCR2
00000356   TA0CCR2_L
00000357   TA0CCR2_H
00000358   TA0CCR3
00000358   TA0CCR3_L
00000359   TA0CCR3_H
0000035a   TA0CCR4
0000035a   TA0CCR4_L
0000035b   TA0CCR4_H
00000360   TA0EX0
00000360   TA0EX0_L
00000361   TA0EX0_H
0000036e   TA0IV
0000036e   TA0IV_L
0000036f   TA0IV_H
00000380   TA1CTL
00000380   TA1CTL_L
00000381   TA1CTL_H
00000382   TA1CCTL0
00000382   TA1CCTL0_L
00000383   TA1CCTL0_H
00000384   TA1CCTL1
00000384   TA1CCTL1_L
00000385   TA1CCTL1_H
00000386   TA1CCTL2
00000386   TA1CCTL2_L
00000387   TA1CCTL2_H
00000390   TA1R
00000390   TA1R_L
00000391   TA1R_H
00000392   TA1CCR0
00000392   TA1CCR0_L
00000393   TA1CCR0_H
00000394   TA1CCR1
00000394   TA1CCR1_L
00000395   TA1CCR1_H
00000396   TA1CCR2
00000396   TA1CCR2_L
00000397   TA1CCR2_H
000003a0   TA1EX0
000003a0   TA1EX0_L
000003a1   TA1EX0_H
000003ae   TA1IV
000003ae   TA1IV_L
000003af   TA1IV_H
000004a0   RTCCTL01
000004a0   RTCCTL01_L
000004a1   RTCCTL01_H
000004a2   RTCCTL23
000004a2   RTCCTL23_L
000004a3   RTCCTL23_H
000004a8   RTCPS0CTL
000004a8   RTCPS0CTL_L
000004a9   RTCPS0CTL_H
000004aa   RTCPS1CTL
000004aa   RTCPS1CTL_L
000004ab   RTCPS1CTL_H
000004ac   RTCPS
000004ac   RTCPS_L
000004ad   RTCPS_H
000004ae   RTCIV
000004b0   RTCTIM0
000004b0   RTCTIM0_L
000004b1   RTCTIM0_H
000004b2   RTCTIM1
000004b2   RTCTIM1_L
000004b3   RTCTIM1_H
000004b4   RTCDATE
000004b4   RTCDATE_L
000004b5   RTCDATE_H
000004b6   RTCYEAR
000004b6   RTCYEAR_L
000004b7   RTCYEAR_H
000004b8   RTCAMINHR
000004b8   RTCAMINHR_L
000004b9   RTCAMINHR_H
000004ba   RTCADOWDAY
000004ba   RTCADOWDAY_L
000004bb   RTCADOWDAY_H
000004c0   MPY
000004c0   MPY_L
000004c1   MPY_H
000004c2   MPYS
000004c2   MPYS_L
000004c3   MPYS_H
000004c4   MAC
000004c4   MAC_L
000004c5   MAC_H
000004c6   MACS
000004c6   MACS_L
000004c7   MACS_H
000004c8   OP2
000004c8   OP2_L
000004c9   OP2_H
000004ca   RESLO
000004ca   RESLO_L
000004cb   RESLO_H
000004cc   RESHI
000004cc   RESHI_L
000004cd   RESHI_H
000004ce   SUMEXT
000004ce   SUMEXT_L
000004cf   SUMEXT_H
000004d0   MPY32L
000004d0   MPY32L_L
000004d1   MPY32L_H
000004d2   MPY32H
000004d2   MPY32H_L
000004d3   MPY32H_H
000004d4   MPYS32L
000004d4   MPYS32L_L
000004d5   MPYS32L_H
000004d6   MPYS32H
000004d6   MPYS32H_L
000004d7   MPYS32H_H
000004d8   MAC32L
000004d8   MAC32L_L
000004d9   MAC32L_H
000004da   MAC32H
000004da   MAC32H_L
000004db   MAC32H_H
000004dc   MACS32L
000004dc   MACS32L_L
000004dd   MACS32L_H
000004de   MACS32H
000004de   MACS32H_L
000004df   MACS32H_H
000004e0   OP2L
000004e0   OP2L_L
000004e1   OP2L_H
000004e2   OP2H
000004e2   OP2H_L
000004e3   OP2H_H
000004e4   RES0
000004e4   RES0_L
000004e5   RES0_H
000004e6   RES1
000004e6   RES1_L
000004e7   RES1_H
000004e8   RES2
000004e8   RES2_L
000004e9   RES2_H
000004ea   RES3
000004ea   RES3_L
000004eb   RES3_H
000004ec   MPY32CTL0
000004ec   MPY32CTL0_L
000004ed   MPY32CTL0_H
00000500   DMACTL0
00000500   DMACTL0_L
00000501   DMACTL0_H
00000502   DMACTL1
00000502   DMACTL1_L
00000503   DMACTL1_H
00000504   DMACTL2
00000504   DMACTL2_L
00000505   DMACTL2_H
00000506   DMACTL3
00000506   DMACTL3_L
00000507   DMACTL3_H
00000508   DMACTL4
00000508   DMACTL4_L
00000509   DMACTL4_H
0000050e   DMAIV
0000050e   DMAIV_L
0000050f   DMAIV_H
00000510   DMA0CTL
00000510   DMA0CTL_L
00000511   DMA0CTL_H
00000512   DMA0SA
00000512   DMA0SAL
00000516   DMA0DA
00000516   DMA0DAL
0000051a   DMA0SZ
00000520   DMA1CTL
00000520   DMA1CTL_L
00000521   DMA1CTL_H
00000522   DMA1SA
00000522   DMA1SAL
00000526   DMA1DA
00000526   DMA1DAL
0000052a   DMA1SZ
00000530   DMA2CTL
00000530   DMA2CTL_L
00000531   DMA2CTL_H
00000532   DMA2SA
00000532   DMA2SAL
00000536   DMA2DA
00000536   DMA2DAL
0000053a   DMA2SZ
000005c0   UCA0CTLW0
000005c0   UCA0CTLW0_L
000005c1   UCA0CTLW0_H
000005c6   UCA0BRW
000005c6   UCA0BRW_L
000005c7   UCA0BRW_H
000005c8   UCA0MCTL
000005ca   UCA0STAT
000005cc   UCA0RXBUF
000005ce   UCA0TXBUF
000005d0   UCA0ABCTL
000005d2   UCA0IRCTL
000005d2   UCA0IRCTL_L
000005d3   UCA0IRCTL_H
000005dc   UCA0ICTL
000005dc   UCA0ICTL_L
000005dd   UCA0ICTL_H
000005de   UCA0IV
000005e0   UCB0CTLW0
000005e0   UCB0CTLW0_L
000005e1   UCB0CTLW0_H
000005e6   UCB0BRW
000005e6   UCB0BRW_L
000005e7   UCB0BRW_H
000005ea   UCB0STAT
000005ec   UCB0RXBUF
000005ee   UCB0TXBUF
000005f0   UCB0I2COA
000005f0   UCB0I2COA_L
000005f1   UCB0I2COA_H
000005f2   UCB0I2CSA
000005f2   UCB0I2CSA_L
000005f3   UCB0I2CSA_H
000005fc   UCB0ICTL
000005fc   UCB0ICTL_L
000005fd   UCB0ICTL_H
000005fe   UCB0IV
00000700   ADC12CTL0
00000700   ADC12CTL0_L
00000701   ADC12CTL0_H
00000702   ADC12CTL1
00000702   ADC12CTL1_L
00000703   ADC12CTL1_H
00000704   ADC12CTL2
00000704   ADC12CTL2_L
00000705   ADC12CTL2_H
0000070a   ADC12IFG
0000070a   ADC12IFG_L
0000070b   ADC12IFG_H
0000070c   ADC12IE
0000070c   ADC12IE_L
0000070d   ADC12IE_H
0000070e   ADC12IV
0000070e   ADC12IV_L
0000070f   ADC12IV_H
00000710   ADC12MCTL0
00000711   ADC12MCTL1
00000712   ADC12MCTL2
00000713   ADC12MCTL3
00000714   ADC12MCTL4
00000715   ADC12MCTL5
00000716   ADC12MCTL6
00000717   ADC12MCTL7
00000718   ADC12MCTL8
00000719   ADC12MCTL9
0000071a   ADC12MCTL10
0000071b   ADC12MCTL11
0000071c   ADC12MCTL12
0000071d   ADC12MCTL13
0000071e   ADC12MCTL14
0000071f   ADC12MCTL15
00000720   ADC12MEM0
00000720   ADC12MEM0_L
00000721   ADC12MEM0_H
00000722   ADC12MEM1
00000722   ADC12MEM1_L
00000723   ADC12MEM1_H
00000724   ADC12MEM2
00000724   ADC12MEM2_L
00000725   ADC12MEM2_H
00000726   ADC12MEM3
00000726   ADC12MEM3_L
00000727   ADC12MEM3_H
00000728   ADC12MEM4
00000728   ADC12MEM4_L
00000729   ADC12MEM4_H
0000072a   ADC12MEM5
0000072a   ADC12MEM5_L
0000072b   ADC12MEM5_H
0000072c   ADC12MEM6
0000072c   ADC12MEM6_L
0000072d   ADC12MEM6_H
0000072e   ADC12MEM7
0000072e   ADC12MEM7_L
0000072f   ADC12MEM7_H
00000730   ADC12MEM8
00000730   ADC12MEM8_L
00000731   ADC12MEM8_H
00000732   ADC12MEM9
00000732   ADC12MEM9_L
00000733   ADC12MEM9_H
00000734   ADC12MEM10
00000734   ADC12MEM10_L
00000735   ADC12MEM10_H
00000736   ADC12MEM11
00000736   ADC12MEM11_L
00000737   ADC12MEM11_H
00000738   ADC12MEM12
00000738   ADC12MEM12_L
00000739   ADC12MEM12_H
0000073a   ADC12MEM13
0000073a   ADC12MEM13_L
0000073b   ADC12MEM13_H
0000073c   ADC12MEM14
0000073c   ADC12MEM14_L
0000073d   ADC12MEM14_H
0000073e   ADC12MEM15
0000073e   ADC12MEM15_L
0000073f   ADC12MEM15_H
000008c0   CBCTL0
000008c0   CBCTL0_L
000008c1   CBCTL0_H
000008c2   CBCTL1
000008c2   CBCTL1_L
000008c3   CBCTL1_H
000008c4   CBCTL2
000008c4   CBCTL2_L
000008c5   CBCTL2_H
000008c6   CBCTL3
000008c6   CBCTL3_L
000008c7   CBCTL3_H
000008cc   CBINT
000008cc   CBINT_L
000008cd   CBINT_H
000008ce   CBIV
000009c0   AESACTL0
000009c0   AESACTL0_L
000009c1   AESACTL0_H
000009c4   AESASTAT
000009c4   AESASTAT_L
000009c5   AESASTAT_H
000009c6   AESAKEY
000009c6   AESAKEY_L
000009c7   AESAKEY_H
000009c8   AESADIN
000009c8   AESADIN_L
000009c9   AESADIN_H
000009ca   AESADOUT
000009ca   AESADOUT_L
000009cb   AESADOUT_H
00000a00   LCDBCTL0
00000a00   LCDBCTL0_L
00000a01   LCDBCTL0_H
00000a02   LCDBCTL1
00000a02   LCDBCTL1_L
00000a03   LCDBCTL1_H
00000a04   LCDBBLKCTL
00000a04   LCDBBLKCTL_L
00000a05   LCDBBLKCTL_H
00000a06   LCDBMEMCTL
00000a06   LCDBMEMCTL_L
00000a07   LCDBMEMCTL_H
00000a08   LCDBVCTL
00000a08   LCDBVCTL_L
00000a09   LCDBVCTL_H
00000a0a   LCDBPCTL0
00000a0a   LCDBPCTL0_L
00000a0b   LCDBPCTL0_H
00000a0c   LCDBPCTL1
00000a0c   LCDBPCTL1_L
00000a0d   LCDBPCTL1_H
00000a0e   LCDBPCTL2
00000a0e   LCDBPCTL2_L
00000a0f   LCDBPCTL2_H
00000a10   LCDBPCTL3
00000a10   LCDBPCTL3_L
00000a11   LCDBPCTL3_H
00000a12   LCDBCPCTL
00000a12   LCDBCPCTL_L
00000a13   LCDBCPCTL_H
00000a1e   LCDBIV
00000a20   LCDM1
00000a21   LCDM2
00000a22   LCDM3
00000a23   LCDM4
00000a24   LCDM5
00000a25   LCDM6
00000a26   LCDM7
00000a27   LCDM8
00000a28   LCDM9
00000a29   LCDM10
00000a2a   LCDM11
00000a2b   LCDM12
00000a2c   LCDM13
00000a2d   LCDM14
00000a2e   LCDM15
00000a2f   LCDM16
00000a30   LCDM17
00000a31   LCDM18
00000a32   LCDM19
00000a33   LCDM20
00000a34   LCDM21
00000a35   LCDM22
00000a36   LCDM23
00000a37   LCDM24
00000a40   LCDBM1
00000a41   LCDBM2
00000a42   LCDBM3
00000a43   LCDBM4
00000a44   LCDBM5
00000a45   LCDBM6
00000a46   LCDBM7
00000a47   LCDBM8
00000a48   LCDBM9
00000a49   LCDBM10
00000a4a   LCDBM11
00000a4b   LCDBM12
00000a4c   LCDBM13
00000a4d   LCDBM14
00000a4e   LCDBM15
00000a4f   LCDBM16
00000a50   LCDBM17
00000a51   LCDBM18
00000a52   LCDBM19
00000a53   LCDBM20
00000a54   LCDBM21
00000a55   LCDBM22
00000a56   LCDBM23
00000a57   LCDBM24
00000f00   RF1AIFCTL0
00000f00   RF1AIFCTL0_L
00000f01   RF1AIFCTL0_H
00000f02   RF1AIFCTL1
00000f02   RF1AIFCTL1_L
00000f03   RF1AIFCTL1_H
00000f04   RF1AIFCTL2
00000f04   RF1AIFCTL2_L
00000f05   RF1AIFCTL2_H
00000f06   RF1AIFERR
00000f06   RF1AIFERR_L
00000f07   RF1AIFERR_H
00000f0c   RF1AIFERRV
00000f0c   RF1AIFERRV_L
00000f0d   RF1AIFERRV_H
00000f0e   RF1AIFIV
00000f0e   RF1AIFIV_L
00000f0f   RF1AIFIV_H
00000f10   RF1AINSTRW
00000f10   RF1AINSTRW_L
00000f11   RF1AINSTRW_H
00000f12   RF1AINSTR1W
00000f12   RF1AINSTR1W_L
00000f13   RF1AINSTR1W_H
00000f14   RF1AINSTR2W
00000f14   RF1AINSTR2W_L
00000f15   RF1AINSTR2W_H
00000f16   RF1ADINW
00000f16   RF1ADINW_L
00000f17   RF1ADINW_H
00000f20   RF1ASTAT0W
00000f20   RF1ASTAT0W_L
00000f21   RF1ASTAT0W_H
00000f22   RF1ASTAT1W
00000f22   RF1ASTAT1W_L
00000f23   RF1ASTAT1W_H
00000f24   RF1ASTAT2W
00000f24   RF1ASTAT2W_L
00000f25   RF1ASTAT2W_H
00000f28   RF1ADOUT0W
00000f28   RF1ADOUT0W_L
00000f29   RF1ADOUT0W_H
00000f2a   RF1ADOUT1W
00000f2a   RF1ADOUT1W_L
00000f2b   RF1ADOUT1W_H
00000f2c   RF1ADOUT2W
00000f2c   RF1ADOUT2W_L
00000f2d   RF1ADOUT2W_H
00000f30   RF1AIN
00000f30   RF1AIN_L
00000f31   RF1AIN_H
00000f32   RF1AIFG
00000f32   RF1AIFG_L
00000f33   RF1AIFG_H
00000f34   RF1AIES
00000f34   RF1AIES_L
00000f35   RF1AIES_H
00000f36   RF1AIE
00000f36   RF1AIE_L
00000f37   RF1AIE_H
00000f38   RF1AIV
00000f38   RF1AIV_L
00000f39   RF1AIV_H
00000f3c   RF1ARXFIFO
00000f3c   RF1ARXFIFO_L
00000f3d   RF1ARXFIFO_H
00000f3e   RF1ATXFIFO
00000f3e   RF1ATXFIFO_L
00000f3f   RF1ATXFIFO_H
00001c00   .bss
00001c00   __bss__
00001c8c   sDatalog
00001d14   segments_lcdmem
00001d68   sRFsmpl
00001d6c   simpliciti_flag
00001d6e   simpliciti_data
00001d8e   simpliciti_ed_address
00001d92   simpliciti_reply_count
00001d93   burst_mode
00001d94   burst_start
00001d96   burst_end
00001d98   burst_packet
00001daa   burst_packet_index
00001dac   flash_ptr
00001dae   p
00001df2   ps_ok
00001e30   method
00001e4e   BRRX__TXCB_t
00001e6a   sys
00001e6c   request
00001e6e   message
00001e70   bike
00001e72   rf_frequoffset
00001e74   fptr_lcd_function_line1
00001e78   fptr_lcd_function_line2
00001e7c   sAlt
00001e8c   sTime
00001ea0   BRRX__PowerdownDelay_u8
00001ea1   BRRX__SignalLevelReduction
00001ea2   BRRX__MaxSearchTries_u8
00001ea3   BRRX__SearchRatio_u8
00001ea4   BRRX__TestMode_u8
00001ea6   BRRX__PacketBits_t
00001eb0   sBlueRobin
00001eba   display
00001ebc   itoa_str
00001ee1   sInit_done
00001eec   BRRX__NextEventTime_u16
00001eee   BRRX__NextEndTime_u16
00001ef0   BRRX__NextFrequency_u8
00001ef1   BRRX__NextFrequencyOffset_s8
00001ef2   BRRX__TimerState_t
00001ef4   sBuzzer
00001efc   _lock
00001f00   _unlock
00001f04   _cleanup_ptr
00001f08   _dtors_ptr
00001f0c   button
00001f0e   sButton
00001f13   speed_flag
00001f14   fptr_Timer0_A3_function
00001f18   sTimer
00001f1a   change_menu
00001f1b   as_ok
00001f20   brrx_packet_end_cap_value
00001f22   sAccel
00001f28   sBatt
00001f2e   sDate
00001f34   BRRX__StatusFlags_t
00001f36   BRRX__CurrentPacketTime_u16
00001f38   BRRX__CurrentSignalLevel_u8
00001f3e   ptrMenu_L1
00001f40   ptrMenu_L2
00001f42   adc12_result
00001f44   adc12_data_ready
00001f49   __end__
00001f49   end
00002bac   _stack
00002bfc   __STACK_END
00009e00   .text
00009e00   __text__
00009e00   conv_pa_to_meter
0000a0ae   BRRX__Scheduler_v
0000a332   update_pressure_table
0000a518   display_time
0000a6a4   display_update
0000a964   PORT2_ISR
0000aa94   __fs_sub
0000aa9a   __fs_add
0000abc4   datalog_sm
0000aed6   do_datalog
0000afc8   display_chars
0000b0b0   TIMER0_A0_ISR
0000b194   nwk_allocateLocalRxPort
0000b268   init_application
0000b332   itoa
0000b3fa   MRFI_Transmit
0000b576   __fs_mpy
0000b62c   datalog_write_buffer
0000b6da   do_altitude_measurement
0000b786   read_calibration_values
0000b832   ps_twi_sda
0000b8d2   Strobe
0000b968   mrfiRadioInterfaceCmdStrobe
0000b9f8   nwk_buildFrame
0000ba88   __fs_div
0000bba2   nwk_isConnectionValid
0000bd3a   display_speed
0000bdbe   get_numberOfDays
0000be40   nwk_sendAckReply
0000bec0   BRRX_RadioReceive_v
0000bf3e   ps_init
0000bfb6   nwk_QfindSlot
0000c02c   battery_measurement
0000c0a0   display_char
0000c112   ps_read_register
0000c1ee   init_global_variables
0000c258   adc12_single_conversion
0000c328   ps_get_pa
0000c38e   mrfiRadioInterfaceReadRxFifo
0000c3f2   MRFI_RadioIsr
0000c454   display_distance
0000c4b6   start_altitude_measurement
0000c516   write_lcd_mem
0000c576   BRRX_PacketEndTimerTask_v
0000c5d4   clear_line
0000c68e   clock_tick
0000c6ea   ps_write_register
0000c744   BRRX__StartNewSearch_v
0000c79c   __divul
0000c79c   __remul
0000c7f4   TIMER0_A1_5_ISR
0000c848   ps_twi_read
0000c93c   add_day
0000c988   ps_get_temp
0000c9d4   __fs_toul
0000ca20   __fs_cmp
0000ca6a   toggle_buzzer
0000cab4   BR__CalcRandomTimeOffset_u16
0000cafc   SetVCoreUp
0000cb42   _auto_init
0000cb88   mrfiRadioInterfaceReadReg
0000cbce   __fs_tou
0000cc14   start_buzzer
0000cc5a   ReadBurstReg
0000cc9e   reset_altitude_measurement
0000cd68   flash_erase_page
0000cdaa   ps_twi_write
0000cdec   BRRX__NewInfo_v
0000ce2c   nwk_isValidReply
0000ce6c   __divli
0000ce6c   __remli
0000ceac   BRRX__DecodePacket_u8
0000ceea   Timer0_A4_Delay
0000cf28   L_LSL_15
0000cf2c   L_LSL_14
0000cf30   L_LSL_13
0000cf34   L_LSL_12
0000cf38   L_LSL_11
0000cf3c   L_LSL_10
0000cf40   L_LSL_9
0000cf44   L_LSL_8
0000cf48   L_LSL_7
0000cf4c   L_LSL_6
0000cf50   L_LSL_5
0000cf54   L_LSL_4
0000cf58   L_LSL_3
0000cf5c   L_LSL_2
0000cf60   L_LSL_1
0000cf66   L_LSR_15
0000cf6a   L_LSR_14
0000cf6e   L_LSR_13
0000cf72   L_LSR_12
0000cf76   L_LSR_11
0000cf7a   L_LSR_10
0000cf7e   L_LSR_9
0000cf82   L_LSR_8
0000cf86   L_LSR_7
0000cf8a   L_LSR_6
0000cf8e   L_LSR_5
0000cf92   L_LSR_4
0000cf96   L_LSR_3
0000cf9a   L_LSR_2
0000cf9e   L_LSR_1
0000cfa4   nwk_getNextConnection
0000cfe2   stop_bluerobin
0000d020   BRRX_TimerTask_v
0000d05c   nwk_findPeer
0000d098   nwk_isLinkDuplicate
0000d10e   nwk_processMgmt
0000d148   WriteSingleReg
0000d180   radio_ISR
0000d1f0   reset_datalog
0000d226   __fs_itof
0000d25c   BR__CalcCRC_u8
0000d290   BSP_Delay
0000d2f8   mrfiRadioInterfaceWriteReg
0000d32c   mrfiRadioInterfaceWriteTxFifo
0000d360   BRRX_RadioStop_v
0000d392   main
0000d3c4   radio_reset
0000d3f6   __fs_ultof
0000d428   nwk_sendFrame
0000d486   as_init
0000d4e0   datalog_add_to_buffer
0000d50c   nwk_QadjustOrder
0000d538   __divi
0000d538   __remi
0000d564   wakeup_event
0000d5ba   _c_int00
0000d5ba   _c_int00_noexit
0000d5e4   flash_write
0000d60e   lcd_init
0000d638   stop_altitude_measurement
0000d68a   nwk_processPing
0000d6b2   SetVCoreDown
0000d6fe   init_buttons
0000d724   init_pressure_table
0000d74a   nwk_processLink
0000d770   process_requests
0000d796   BRRX_GetState_t
0000d7de   SetVCore
0000d802   memcmp
0000d826   __fs_utof
0000d84a   get_bluerobin_data
0000d86c   reset_clock
0000d88e   __mpyl_f5hw
0000d8b0   MRFI_RxCompleteISR
0000d8d0   display_am_pm_symbol
0000d8f0   is_bluerobin_flash_write_window
0000d910   memmove
0000d930   stop_buzzer
0000d98c   display_symbol
0000d9aa   nwk_processJoin
0000d9e0   ADC12ISR
0000d9fa   Timer0_A3_Start
0000da12   convert_hour_to_12H_format
0000da2a   MRFI_RandomByte
0000da56   ReadSingleReg
0000da6c   reset_bluerobin
0000da82   __divu
0000da82   __remu
0000da98   __mpyi_f5hw
0000daae   Timer0_Init
0000dac2   countdown_buzzer
0000dad6   memset
0000daea   reset_date
0000dafe   BlueRobin_RadioISR_v
0000db10   memcpy
0000db22   nwk_getMyAddress
0000db34   close_radio
0000db44   radio_powerdown
0000db54   sx_time
0000db64   is_hour_am
0000db72   reset_batt_measurement
0000db80   BRRX__GetCurrentTime_u16
0000db8c   MRFI_PostKillSem
0000db98   MRFI_Receive
0000dbb0   idle_loop
0000dbbc   is_bluerobin
0000dbc8   is_bluerobin_searching
0000dbd4   is_rf
0000dbe0   nwk_getNumObjectFromMsg
0000dbec   ps_start
0000dbf8   switch_seg
0000dc04   BRRX__StopTimer_v
0000dc0e   ps_stop
0000dc18   reset_buzzer
0000dc22   update_date
0000dc2c   update_time
0000dc36   BRRX_GetFS_Offset_s8
0000dc3e   Timer0_A3_Stop
0000dc46   is_datalog
0000dc4e   to_lpm
0000dc56   BRRX_GetHeartRate_u8
0000dc5c   BRRX_Stop_v
0000dc62   BRRX__CallTimer_v
0000dc68   is_altitude_measurement
0000dc6e   nwk_freeConnection
0000dc74   nwk_getMyRxType
0000dc7a   reset_rf
0000dc80   _system_pre_init
0000dc84   C$$EXIT
0000dc84   abort
0000dc88   nwk_getProtocolVersion
0000dc8c   nwk_processFreq
0000dc90   nwk_processSecurity
0000dc94   twi_delay
0000dc98   _nop
0000dc9a   dummy
0000dc9c   reset_acceleration
0000dc9e   sx_distance
0000dca0   sx_speed
0000dca2   __etext__
0000dca2   etext
0000dca2   itoa_conversion_table
0000dec2   RandomValue_u8
0000dfc2   menu_L1_Speed
0000dfd4   menu_L2_Time
0000dfe6   menu_L2_Distance
0000e024   lcd_font
0000e050   segments_bitmask
0000e07a   h0
0000e09c   p0
0000e11e   BRRX__First_TXCB_t
0000e120   BRRX__Last_TXCB_t
0000e122   mrfiBroadcastAddr
0000e126   __cinit__
0000e126   cinit
0000fffe   _reset_vector
ffffffff   __binit__
ffffffff   __c_args__
ffffffff   __pinit__
ffffffff   binit
ffffffff   pinit

[1067 symbols]
